Copyright 1986-2022 Xilinx, Inc. All Rights Reserved. Copyright 2022-2023 Advanced Micro Devices, Inc. All Rights Reserved.
---------------------------------------------------------------------------------------------------------------------------------------------
| Tool Version : Vivado v.2023.1 (lin64) Build 3865809 Sun May  7 15:04:56 MDT 2023
| Date         : Fri Apr 19 23:43:21 2024
| Host         : vanloi-laptop running 64-bit Ubuntu 22.04.4 LTS
| Command      : report_control_sets -verbose -file controller_control_sets_placed.rpt
| Design       : controller
| Device       : xc7z020
---------------------------------------------------------------------------------------------------------------------------------------------

Control Set Information

Table of Contents
-----------------
1. Summary
2. Histogram
3. Flip-Flop Distribution
4. Detailed Control Set Information

1. Summary
----------

+----------------------------------------------------------+-------+
|                          Status                          | Count |
+----------------------------------------------------------+-------+
| Total control sets                                       |   307 |
|    Minimum number of control sets                        |   307 |
|    Addition due to synthesis replication                 |     0 |
|    Addition due to physical synthesis replication        |     0 |
| Unused register locations in slices containing registers |   610 |
+----------------------------------------------------------+-------+
* Control sets can be merged at opt_design using control_set_merge or merge_equivalent_drivers
** Run report_qor_suggestions for automated merging and remapping suggestions


2. Histogram
------------

+--------------------+-------+
|       Fanout       | Count |
+--------------------+-------+
| Total control sets |   307 |
| >= 0 to < 4        |    12 |
| >= 4 to < 6        |     6 |
| >= 6 to < 8        |    40 |
| >= 8 to < 10       |    44 |
| >= 10 to < 12      |     0 |
| >= 12 to < 14      |     0 |
| >= 14 to < 16      |     0 |
| >= 16              |   205 |
+--------------------+-------+
* Control sets can be remapped at either synth_design or opt_design


3. Flip-Flop Distribution
-------------------------

+--------------+-----------------------+------------------------+-----------------+--------------+
| Clock Enable | Synchronous Set/Reset | Asynchronous Set/Reset | Total Registers | Total Slices |
+--------------+-----------------------+------------------------+-----------------+--------------+
| No           | No                    | No                     |             106 |           57 |
| No           | No                    | Yes                    |             154 |           83 |
| No           | Yes                   | No                     |             120 |           49 |
| Yes          | No                    | No                     |            4792 |         1805 |
| Yes          | No                    | Yes                    |            1812 |          709 |
| Yes          | Yes                   | No                     |             158 |           46 |
+--------------+-----------------------+------------------------+-----------------+--------------+


4. Detailed Control Set Information
-----------------------------------

+---------------------------------------------------------------+-----------------------------------------------------------+--------------------------------------------------------------+------------------+----------------+--------------+
|                          Clock Signal                         |                       Enable Signal                       |                       Set/Reset Signal                       | Slice Load Count | Bel Load Count | Bels / Slice |
+---------------------------------------------------------------+-----------------------------------------------------------+--------------------------------------------------------------+------------------+----------------+--------------+
|  genblk1[7].u_lstm_unit/u_tanh/data_out_reg[7]_i_2_n_0        |                                                           | genblk1[7].u_lstm_unit/u_tanh/data_out_reg[7]_i_3__4_n_0     |                1 |              1 |         1.00 |
|  genblk1[0].u_lstm_unit/u_tanh/data_out_reg[7]_i_2__6_n_0     |                                                           | genblk1[0].u_lstm_unit/u_tanh/data_out_reg[7]_i_3__6_n_0     |                1 |              1 |         1.00 |
|  genblk1[1].u_lstm_unit/u_tanh/data_out_reg[7]_i_2__0_n_0     |                                                           | genblk1[1].u_lstm_unit/u_tanh/data_out_reg[7]_i_3__5_n_0     |                1 |              1 |         1.00 |
|  genblk1[6].u_lstm_unit/u_tanh/data_out_reg[7]_i_2__5_n_0     |                                                           | genblk1[6].u_lstm_unit/u_tanh/data_out_reg[7]_i_3__3_n_0     |                1 |              1 |         1.00 |
|  genblk1[5].u_lstm_unit/u_tanh/data_out_reg[7]_i_2__4_n_0     |                                                           | genblk1[5].u_lstm_unit/u_tanh/data_out_reg[7]_i_3__2_n_0     |                1 |              1 |         1.00 |
|  clk_IBUF_BUFG                                                | t_valid0_out                                              |                                                              |                1 |              1 |         1.00 |
|  genblk1[4].u_lstm_unit/u_tanh/data_out_reg[7]_i_2__3_n_0     |                                                           | genblk1[4].u_lstm_unit/u_tanh/data_out_reg[7]_i_3__1_n_0     |                1 |              1 |         1.00 |
|  genblk1[3].u_lstm_unit/u_tanh/data_out_reg[7]_i_2__2_n_0     |                                                           | genblk1[3].u_lstm_unit/u_tanh/data_out_reg[7]_i_3__0_n_0     |                1 |              1 |         1.00 |
|  clk_IBUF_BUFG                                                | r_data5_out                                               |                                                              |                1 |              1 |         1.00 |
|  clk_IBUF_BUFG                                                | w_valid4_out                                              |                                                              |                1 |              1 |         1.00 |
|  genblk1[2].u_lstm_unit/u_tanh/data_out_reg[7]_i_2__1_n_0     |                                                           | genblk1[2].u_lstm_unit/u_tanh/data_out_reg[7]_i_3_n_0        |                1 |              1 |         1.00 |
|  clk_IBUF_BUFG                                                | current_weight_index                                      | current_weight_index[6]_i_1_n_0                              |                2 |              2 |         1.00 |
|  clk_IBUF_BUFG                                                | out_data[7]_i_2_n_0                                       |                                                              |                3 |              4 |         1.33 |
|  clk_IBUF_BUFG                                                | out_data[7]_i_2_n_0                                       | out_data[7]_i_1_n_0                                          |                4 |              4 |         1.00 |
|  clk_IBUF_BUFG                                                | current_sample[4]_i_1_n_0                                 | genblk1[4].u_lstm_unit/u_mac/rstn                            |                2 |              5 |         2.50 |
|  clk_IBUF_BUFG                                                | remaining_no_units[6]_i_1_n_0                             | genblk1[4].u_lstm_unit/u_mac/rstn                            |                2 |              5 |         2.50 |
|  clk_IBUF_BUFG                                                | current_no_units[6]_i_1_n_0                               | genblk1[4].u_lstm_unit/u_mac/rstn                            |                2 |              5 |         2.50 |
|  clk_IBUF_BUFG                                                | current_timestep[4]_i_1_n_0                               | genblk1[4].u_lstm_unit/u_mac/rstn                            |                2 |              5 |         2.50 |
|  clk_IBUF_BUFG                                                | genblk1[4].u_lstm_unit/input_gate[6]_i_1__1_n_0           |                                                              |                2 |              7 |         3.50 |
|  clk_IBUF_BUFG                                                | genblk1[0].u_lstm_unit/input_gate[6]_i_1__6_n_0           |                                                              |                2 |              7 |         3.50 |
|  clk_IBUF_BUFG                                                | genblk1[0].u_lstm_unit/forget_gate[6]_i_1__6_n_0          |                                                              |                2 |              7 |         3.50 |
|  clk_IBUF_BUFG                                                | genblk1[4].u_lstm_unit/output_gate[6]_i_1__2_n_0          |                                                              |                2 |              7 |         3.50 |
|  clk_IBUF_BUFG                                                | genblk1[7].u_lstm_unit/forget_gate[6]_i_1__4_n_0          |                                                              |                1 |              7 |         7.00 |
|  clk_IBUF_BUFG                                                | genblk1[7].u_lstm_unit/input_gate[6]_i_1__4_n_0           |                                                              |                2 |              7 |         3.50 |
|  clk_IBUF_BUFG                                                | genblk1[1].u_lstm_unit/output_gate[6]_i_1__5_n_0          |                                                              |                1 |              7 |         7.00 |
|  clk_IBUF_BUFG                                                | genblk1[7].u_lstm_unit/output_gate[6]_i_1_n_0             |                                                              |                1 |              7 |         7.00 |
|  clk_IBUF_BUFG                                                | genblk1[0].u_lstm_unit/output_gate[6]_i_1__6_n_0          |                                                              |                2 |              7 |         3.50 |
|  clk_IBUF_BUFG                                                | genblk1[5].u_lstm_unit/output_gate[6]_i_1__3_n_0          |                                                              |                4 |              7 |         1.75 |
|  clk_IBUF_BUFG                                                | genblk1[5].u_lstm_unit/input_gate[6]_i_1__2_n_0           |                                                              |                2 |              7 |         3.50 |
|  clk_IBUF_BUFG                                                | genblk1[5].u_lstm_unit/forget_gate[6]_i_1__2_n_0          |                                                              |                2 |              7 |         3.50 |
|  clk_IBUF_BUFG                                                | genblk1[1].u_lstm_unit/forget_gate[6]_i_1__5_n_0          |                                                              |                1 |              7 |         7.00 |
|  clk_IBUF_BUFG                                                | genblk1[3].u_lstm_unit/forget_gate[6]_i_1__0_n_0          |                                                              |                1 |              7 |         7.00 |
|  clk_IBUF_BUFG                                                | genblk1[3].u_lstm_unit/output_gate[6]_i_1__1_n_0          |                                                              |                1 |              7 |         7.00 |
|  clk_IBUF_BUFG                                                | genblk1[1].u_lstm_unit/input_gate[6]_i_1__5_n_0           |                                                              |                3 |              7 |         2.33 |
|  clk_IBUF_BUFG                                                | genblk1[3].u_lstm_unit/input_gate[6]_i_1__0_n_0           |                                                              |                4 |              7 |         1.75 |
|  genblk1[5].u_lstm_unit/u_sigmoid/data_out_reg[6]_i_2__10_n_0 |                                                           | genblk1[5].u_lstm_unit/u_sigmoid/data_out_reg[6]_i_3__6_n_0  |                2 |              7 |         3.50 |
|  genblk1[5].u_lstm_unit/u_tanh/data_out_reg[7]_i_2__4_n_0     |                                                           | genblk1[5].u_lstm_unit/u_tanh/data_out_reg[6]_i_2__2_n_0     |                4 |              7 |         1.75 |
|  genblk1[1].u_lstm_unit/u_tanh/data_out_reg[7]_i_2__0_n_0     |                                                           | genblk1[1].u_lstm_unit/u_tanh/data_out_reg[6]_i_2__5_n_0     |                3 |              7 |         2.33 |
|  genblk1[0].u_lstm_unit/u_sigmoid/data_out_reg[6]_i_2__14_n_0 |                                                           | genblk1[0].u_lstm_unit/u_sigmoid/data_out_reg[6]_i_3__14_n_0 |                3 |              7 |         2.33 |
|  genblk1[1].u_lstm_unit/u_sigmoid/data_out_reg[6]_i_2__13_n_0 |                                                           | genblk1[1].u_lstm_unit/u_sigmoid/data_out_reg[6]_i_3__12_n_0 |                2 |              7 |         3.50 |
|  genblk1[3].u_lstm_unit/u_sigmoid/data_out_reg[6]_i_2__8_n_0  |                                                           | genblk1[3].u_lstm_unit/u_sigmoid/data_out_reg[6]_i_3__2_n_0  |                2 |              7 |         3.50 |
|  genblk1[0].u_lstm_unit/u_tanh/data_out_reg[7]_i_2__6_n_0     |                                                           | genblk1[0].u_lstm_unit/u_tanh/data_out_reg[6]_i_2__6_n_0     |                3 |              7 |         2.33 |
|  genblk1[6].u_lstm_unit/u_sigmoid/data_out_reg[6]_i_2__11_n_0 |                                                           | genblk1[6].u_lstm_unit/u_sigmoid/data_out_reg[6]_i_3__8_n_0  |                2 |              7 |         3.50 |
|  genblk1[6].u_lstm_unit/u_tanh/data_out_reg[7]_i_2__5_n_0     |                                                           | genblk1[6].u_lstm_unit/u_tanh/data_out_reg[6]_i_2__3_n_0     |                3 |              7 |         2.33 |
|  genblk1[7].u_lstm_unit/u_sigmoid/data_out_reg[6]_i_2__12_n_0 |                                                           | genblk1[7].u_lstm_unit/u_sigmoid/data_out_reg[6]_i_3__10_n_0 |                3 |              7 |         2.33 |
|  genblk1[7].u_lstm_unit/u_tanh/data_out_reg[7]_i_2_n_0        |                                                           | genblk1[7].u_lstm_unit/u_tanh/data_out_reg[6]_i_2__4_n_0     |                3 |              7 |         2.33 |
|  genblk1[2].u_lstm_unit/u_sigmoid/data_out_reg[6]_i_2__7_n_0  |                                                           | genblk1[2].u_lstm_unit/u_sigmoid/data_out_reg[6]_i_3__0_n_0  |                2 |              7 |         3.50 |
|  genblk1[4].u_lstm_unit/u_tanh/data_out_reg[7]_i_2__3_n_0     |                                                           | genblk1[4].u_lstm_unit/u_tanh/data_out_reg[6]_i_2__1_n_0     |                2 |              7 |         3.50 |
|  clk_IBUF_BUFG                                                | genblk1[6].u_lstm_unit/output_gate[6]_i_1__4_n_0          |                                                              |                2 |              7 |         3.50 |
|  clk_IBUF_BUFG                                                | genblk1[2].u_lstm_unit/input_gate[6]_i_1_n_0              |                                                              |                3 |              7 |         2.33 |
|  genblk1[4].u_lstm_unit/u_sigmoid/data_out_reg[6]_i_2__9_n_0  |                                                           | genblk1[4].u_lstm_unit/u_sigmoid/data_out_reg[6]_i_3__4_n_0  |                2 |              7 |         3.50 |
|  genblk1[3].u_lstm_unit/u_tanh/data_out_reg[7]_i_2__2_n_0     |                                                           | genblk1[3].u_lstm_unit/u_tanh/data_out_reg[6]_i_2__0_n_0     |                3 |              7 |         2.33 |
|  clk_IBUF_BUFG                                                | genblk1[2].u_lstm_unit/forget_gate[6]_i_1_n_0             |                                                              |                3 |              7 |         2.33 |
|  clk_IBUF_BUFG                                                | genblk1[2].u_lstm_unit/output_gate[6]_i_1__0_n_0          |                                                              |                2 |              7 |         3.50 |
|  genblk1[2].u_lstm_unit/u_tanh/data_out_reg[7]_i_2__1_n_0     |                                                           | genblk1[2].u_lstm_unit/u_tanh/data_out_reg[6]_i_2_n_0        |                2 |              7 |         3.50 |
|  clk_IBUF_BUFG                                                | genblk1[6].u_lstm_unit/input_gate[6]_i_1__3_n_0           |                                                              |                2 |              7 |         3.50 |
|  clk_IBUF_BUFG                                                | genblk1[4].u_lstm_unit/forget_gate[6]_i_1__1_n_0          |                                                              |                3 |              7 |         2.33 |
|  clk_IBUF_BUFG                                                | genblk1[6].u_lstm_unit/forget_gate[6]_i_1__3_n_0          |                                                              |                2 |              7 |         3.50 |
|  clk_IBUF_BUFG                                                | genblk1[4].u_lstm_unit/cell_state[7]_i_2__1_n_0           | genblk1[4].u_lstm_unit/cell_state[7]_i_1__1_n_0              |                1 |              8 |         8.00 |
|  clk_IBUF_BUFG                                                | genblk1[1].u_lstm_unit/hidden_state[7]_i_1__5_n_0         |                                                              |                1 |              8 |         8.00 |
|  clk_IBUF_BUFG                                                | genblk1[4].u_lstm_unit/hidden_state[7]_i_1__1_n_0         |                                                              |                3 |              8 |         2.67 |
|  clk_IBUF_BUFG                                                | genblk1[1].u_lstm_unit/out[7]_i_1__5_n_0                  |                                                              |                2 |              8 |         4.00 |
|  clk_IBUF_BUFG                                                | genblk1[4].u_lstm_unit/prev_cell_bf[7]_i_2__1_n_0         | genblk1[4].u_lstm_unit/prev_cell_bf[7]_i_1__1_n_0            |                1 |              8 |         8.00 |
|  clk_IBUF_BUFG                                                | genblk1[1].u_lstm_unit/cell_state[7]_i_2__5_n_0           | genblk1[1].u_lstm_unit/cell_state[7]_i_1__4_n_0              |                1 |              8 |         8.00 |
|  clk_IBUF_BUFG                                                | genblk1[1].u_lstm_unit/cell_update[7]_i_1__5_n_0          |                                                              |                3 |              8 |         2.67 |
|  clk_IBUF_BUFG                                                | genblk1[4].u_lstm_unit/cell_update[7]_i_1__1_n_0          |                                                              |                1 |              8 |         8.00 |
|  clk_IBUF_BUFG                                                | genblk1[1].u_lstm_unit/prev_cell_bf[7]_i_2__5_n_0         | genblk1[1].u_lstm_unit/prev_cell_bf[7]_i_1__5_n_0            |                1 |              8 |         8.00 |
|  clk_IBUF_BUFG                                                | genblk1[4].u_lstm_unit/out[7]_i_1__1_n_0                  |                                                              |                3 |              8 |         2.67 |
|  clk_IBUF_BUFG                                                | genblk1[5].u_lstm_unit/prev_cell_bf[7]_i_2__2_n_0         | genblk1[5].u_lstm_unit/prev_cell_bf[7]_i_1__2_n_0            |                2 |              8 |         4.00 |
|  clk_IBUF_BUFG                                                | genblk1[6].u_lstm_unit/prev_cell_bf[7]_i_2__3_n_0         | genblk1[6].u_lstm_unit/prev_cell_bf[7]_i_1__3_n_0            |                2 |              8 |         4.00 |
|  clk_IBUF_BUFG                                                | genblk1[6].u_lstm_unit/out[7]_i_1__3_n_0                  |                                                              |                2 |              8 |         4.00 |
|  clk_IBUF_BUFG                                                | genblk1[6].u_lstm_unit/hidden_state[7]_i_1__3_n_0         |                                                              |                1 |              8 |         8.00 |
|  clk_IBUF_BUFG                                                | genblk1[6].u_lstm_unit/cell_update[7]_i_1__3_n_0          |                                                              |                1 |              8 |         8.00 |
|  clk_IBUF_BUFG                                                | genblk1[6].u_lstm_unit/cell_state[7]_i_2__3_n_0           | genblk1[6].u_lstm_unit/cell_state[7]_i_1_n_0                 |                1 |              8 |         8.00 |
|  clk_IBUF_BUFG                                                | genblk1[7].u_lstm_unit/cell_state[7]_i_2__4_n_0           | genblk1[7].u_lstm_unit/cell_state[7]_i_1__6_n_0              |                2 |              8 |         4.00 |
|  clk_IBUF_BUFG                                                | genblk1[7].u_lstm_unit/cell_update[7]_i_1__4_n_0          |                                                              |                1 |              8 |         8.00 |
|  clk_IBUF_BUFG                                                | genblk1[7].u_lstm_unit/hidden_state[7]_i_1__4_n_0         |                                                              |                2 |              8 |         4.00 |
|  clk_IBUF_BUFG                                                | genblk1[7].u_lstm_unit/out[7]_i_1__4_n_0                  |                                                              |                2 |              8 |         4.00 |
|  clk_IBUF_BUFG                                                | genblk1[7].u_lstm_unit/prev_cell_bf[7]_i_2__4_n_0         | genblk1[7].u_lstm_unit/prev_cell_bf[7]_i_1__4_n_0            |                1 |              8 |         8.00 |
|  clk_IBUF_BUFG                                                | genblk1[0].u_lstm_unit/hidden_state[7]_i_1__6_n_0         |                                                              |                1 |              8 |         8.00 |
|  clk_IBUF_BUFG                                                | genblk1[5].u_lstm_unit/out[7]_i_1__2_n_0                  |                                                              |                2 |              8 |         4.00 |
|  clk_IBUF_BUFG                                                | genblk1[5].u_lstm_unit/hidden_state[7]_i_1__2_n_0         |                                                              |                1 |              8 |         8.00 |
|  clk_IBUF_BUFG                                                | genblk1[5].u_lstm_unit/cell_update[7]_i_1__2_n_0          |                                                              |                3 |              8 |         2.67 |
|  clk_IBUF_BUFG                                                | genblk1[5].u_lstm_unit/cell_state[7]_i_2__2_n_0           | genblk1[5].u_lstm_unit/cell_state[7]_i_1__0_n_0              |                1 |              8 |         8.00 |
|  clk_IBUF_BUFG                                                | current_buffer_index[7]_i_1_n_0                           |                                                              |                5 |              8 |         1.60 |
|  clk_IBUF_BUFG                                                | out_data[23]_i_2_n_0                                      | out_data[15]_i_1_n_0                                         |                5 |              8 |         1.60 |
|  clk_IBUF_BUFG                                                | out_data[23]_i_2_n_0                                      | out_data[23]_i_1_n_0                                         |                6 |              8 |         1.33 |
|  clk_IBUF_BUFG                                                | genblk1[0].u_lstm_unit/cell_state[7]_i_2__6_n_0           | genblk1[0].u_lstm_unit/cell_state[7]_i_1__5_n_0              |                2 |              8 |         4.00 |
|  clk_IBUF_BUFG                                                | out_data[23]_i_2_n_0                                      | out_data[31]_i_1_n_0                                         |                7 |              8 |         1.14 |
|  clk_IBUF_BUFG                                                | genblk1[0].u_lstm_unit/cell_update[7]_i_1__6_n_0          |                                                              |                1 |              8 |         8.00 |
|  clk_IBUF_BUFG                                                | genblk1[2].u_lstm_unit/cell_update[7]_i_1_n_0             |                                                              |                1 |              8 |         8.00 |
|  clk_IBUF_BUFG                                                | genblk1[2].u_lstm_unit/cell_state[7]_i_2_n_0              | genblk1[2].u_lstm_unit/cell_state[7]_i_1__3_n_0              |                1 |              8 |         8.00 |
|  clk_IBUF_BUFG                                                | genblk1[3].u_lstm_unit/prev_cell_bf[7]_i_2__0_n_0         | genblk1[3].u_lstm_unit/prev_cell_bf[7]_i_1__0_n_0            |                1 |              8 |         8.00 |
|  clk_IBUF_BUFG                                                | genblk1[3].u_lstm_unit/out[7]_i_1__0_n_0                  |                                                              |                3 |              8 |         2.67 |
|  clk_IBUF_BUFG                                                | genblk1[3].u_lstm_unit/hidden_state[7]_i_1__0_n_0         |                                                              |                1 |              8 |         8.00 |
|  clk_IBUF_BUFG                                                | genblk1[0].u_lstm_unit/out[7]_i_1__6_n_0                  |                                                              |                2 |              8 |         4.00 |
|  clk_IBUF_BUFG                                                | genblk1[3].u_lstm_unit/cell_update[7]_i_1__0_n_0          |                                                              |                4 |              8 |         2.00 |
|  clk_IBUF_BUFG                                                | genblk1[2].u_lstm_unit/hidden_state[7]_i_1_n_0            |                                                              |                2 |              8 |         4.00 |
|  clk_IBUF_BUFG                                                | genblk1[2].u_lstm_unit/out[7]_i_1_n_0                     |                                                              |                3 |              8 |         2.67 |
|  clk_IBUF_BUFG                                                | genblk1[2].u_lstm_unit/prev_cell_bf[7]_i_2_n_0            | genblk1[2].u_lstm_unit/prev_cell_bf[7]_i_1_n_0               |                1 |              8 |         8.00 |
|  clk_IBUF_BUFG                                                | genblk1[0].u_lstm_unit/prev_cell_bf[7]_i_2__6_n_0         | genblk1[0].u_lstm_unit/prev_cell_bf[7]_i_1__6_n_0            |                1 |              8 |         8.00 |
|  clk_IBUF_BUFG                                                | genblk1[3].u_lstm_unit/cell_state[7]_i_2__0_n_0           | genblk1[3].u_lstm_unit/cell_state[7]_i_1__2_n_0              |                3 |              8 |         2.67 |
|  clk_IBUF_BUFG                                                | genblk1[3].u_lstm_unit/u_mac/sum_arr_bf[4][16]_i_1__0_n_0 |                                                              |                4 |             17 |         4.25 |
|  clk_IBUF_BUFG                                                | current_weight_index                                      |                                                              |                5 |             17 |         3.40 |
|  clk_IBUF_BUFG                                                | genblk1[3].u_lstm_unit/u_mac/sum_arr_bf[5][16]_i_1__0_n_0 |                                                              |                3 |             17 |         5.67 |
|  clk_IBUF_BUFG                                                | genblk1[3].u_lstm_unit/u_mac/sum_arr_bf[6][16]_i_1__0_n_0 |                                                              |                4 |             17 |         4.25 |
|  clk_IBUF_BUFG                                                | genblk1[2].u_lstm_unit/u_mac/sum_arr_bf[7][16]_i_1_n_0    |                                                              |                3 |             17 |         5.67 |
|  clk_IBUF_BUFG                                                | genblk1[3].u_lstm_unit/u_mac/sum_arr_bf[3][16]_i_1__0_n_0 |                                                              |                5 |             17 |         3.40 |
|  clk_IBUF_BUFG                                                | genblk1[3].u_lstm_unit/u_mac/sum_arr_bf[2][16]_i_1__0_n_0 |                                                              |                3 |             17 |         5.67 |
|  clk_IBUF_BUFG                                                | genblk1[2].u_lstm_unit/u_mac/sum_arr_bf[2][16]_i_1_n_0    |                                                              |                3 |             17 |         5.67 |
|  clk_IBUF_BUFG                                                | genblk1[3].u_lstm_unit/u_mac/sum_arr_bf[1][16]_i_1__0_n_0 |                                                              |                5 |             17 |         3.40 |
|  clk_IBUF_BUFG                                                | genblk1[3].u_lstm_unit/u_mac/sum_arr_bf[0][16]_i_1__0_n_0 |                                                              |                4 |             17 |         4.25 |
|  clk_IBUF_BUFG                                                | genblk1[3].u_lstm_unit/u_mac/sum_arr_bf[7][16]_i_1__0_n_0 |                                                              |                6 |             17 |         2.83 |
|  clk_IBUF_BUFG                                                | genblk1[1].u_lstm_unit/u_mac/sum_arr_bf[7][16]_i_1__5_n_0 |                                                              |                4 |             17 |         4.25 |
|  clk_IBUF_BUFG                                                | genblk1[1].u_lstm_unit/u_mac/sum_arr_bf[6][16]_i_1__5_n_0 |                                                              |                3 |             17 |         5.67 |
|  clk_IBUF_BUFG                                                | genblk1[1].u_lstm_unit/u_mac/sum_arr_bf[4][16]_i_1__5_n_0 |                                                              |                4 |             17 |         4.25 |
|  clk_IBUF_BUFG                                                | genblk1[1].u_lstm_unit/u_mac/sum_arr_bf[3][16]_i_1__5_n_0 |                                                              |                6 |             17 |         2.83 |
|  clk_IBUF_BUFG                                                | genblk1[1].u_lstm_unit/u_mac/sum_arr_bf[2][16]_i_1__5_n_0 |                                                              |                5 |             17 |         3.40 |
|  clk_IBUF_BUFG                                                | genblk1[2].u_lstm_unit/u_mac/sum_arr_bf[3][16]_i_1_n_0    |                                                              |                6 |             17 |         2.83 |
|  clk_IBUF_BUFG                                                | genblk1[7].u_lstm_unit/u_mac/sum_arr_bf[5][16]_i_1__4_n_0 |                                                              |                3 |             17 |         5.67 |
|  clk_IBUF_BUFG                                                | genblk1[7].u_lstm_unit/u_mac/sum_arr_bf[4][16]_i_1__4_n_0 |                                                              |                3 |             17 |         5.67 |
|  clk_IBUF_BUFG                                                | genblk1[7].u_lstm_unit/u_mac/sum_arr_bf[3][16]_i_1__4_n_0 |                                                              |                3 |             17 |         5.67 |
|  clk_IBUF_BUFG                                                | genblk1[7].u_lstm_unit/u_mac/sum_arr_bf[2][16]_i_1__4_n_0 |                                                              |                4 |             17 |         4.25 |
|  clk_IBUF_BUFG                                                | genblk1[7].u_lstm_unit/u_mac/sum_arr_bf[1][16]_i_1__4_n_0 |                                                              |                5 |             17 |         3.40 |
|  clk_IBUF_BUFG                                                | genblk1[7].u_lstm_unit/u_mac/sum_arr_bf[0][16]_i_1__4_n_0 |                                                              |                4 |             17 |         4.25 |
|  clk_IBUF_BUFG                                                | genblk1[7].u_lstm_unit/u_mac/sum_arr_bf[6][16]_i_1__4_n_0 |                                                              |                3 |             17 |         5.67 |
|  clk_IBUF_BUFG                                                | genblk1[7].u_lstm_unit/u_mac/sum_arr_bf[7][16]_i_1__4_n_0 |                                                              |                3 |             17 |         5.67 |
|  clk_IBUF_BUFG                                                | genblk1[2].u_lstm_unit/u_mac/sum_arr_bf[6][16]_i_1_n_0    |                                                              |                5 |             17 |         3.40 |
|  clk_IBUF_BUFG                                                | genblk1[2].u_lstm_unit/u_mac/sum_arr_bf[5][16]_i_1_n_0    |                                                              |                4 |             17 |         4.25 |
|  clk_IBUF_BUFG                                                | genblk1[2].u_lstm_unit/u_mac/sum_arr_bf[4][16]_i_1_n_0    |                                                              |                5 |             17 |         3.40 |
|  clk_IBUF_BUFG                                                | genblk1[2].u_lstm_unit/u_mac/sum_arr_bf[0][16]_i_1_n_0    |                                                              |                3 |             17 |         5.67 |
|  clk_IBUF_BUFG                                                | genblk1[6].u_lstm_unit/u_mac/sum_arr_bf[7][16]_i_1__3_n_0 |                                                              |                4 |             17 |         4.25 |
|  clk_IBUF_BUFG                                                | genblk1[6].u_lstm_unit/u_mac/sum_arr_bf[6][16]_i_1__3_n_0 |                                                              |                5 |             17 |         3.40 |
|  clk_IBUF_BUFG                                                | genblk1[6].u_lstm_unit/u_mac/sum_arr_bf[5][16]_i_1__3_n_0 |                                                              |                3 |             17 |         5.67 |
|  clk_IBUF_BUFG                                                | genblk1[6].u_lstm_unit/u_mac/sum_arr_bf[4][16]_i_1__3_n_0 |                                                              |                5 |             17 |         3.40 |
|  clk_IBUF_BUFG                                                | genblk1[6].u_lstm_unit/u_mac/sum_arr_bf[3][16]_i_1__3_n_0 |                                                              |                5 |             17 |         3.40 |
|  clk_IBUF_BUFG                                                | genblk1[6].u_lstm_unit/u_mac/sum_arr_bf[2][16]_i_1__3_n_0 |                                                              |                3 |             17 |         5.67 |
|  clk_IBUF_BUFG                                                | genblk1[6].u_lstm_unit/u_mac/sum_arr_bf[1][16]_i_1__3_n_0 |                                                              |                4 |             17 |         4.25 |
|  clk_IBUF_BUFG                                                | genblk1[6].u_lstm_unit/u_mac/sum_arr_bf[0][16]_i_1__3_n_0 |                                                              |                3 |             17 |         5.67 |
|  clk_IBUF_BUFG                                                | genblk1[1].u_lstm_unit/u_mac/sum_arr_bf[5][16]_i_1__5_n_0 |                                                              |                4 |             17 |         4.25 |
|  clk_IBUF_BUFG                                                | genblk1[2].u_lstm_unit/u_mac/sum_arr_bf[1][16]_i_1_n_0    |                                                              |                4 |             17 |         4.25 |
|  clk_IBUF_BUFG                                                | genblk1[5].u_lstm_unit/u_mac/sum_arr_bf[3][16]_i_1__2_n_0 |                                                              |                5 |             17 |         3.40 |
|  clk_IBUF_BUFG                                                | genblk1[4].u_lstm_unit/u_mac/sum_arr_bf[0][16]_i_1__1_n_0 |                                                              |                4 |             17 |         4.25 |
|  clk_IBUF_BUFG                                                | genblk1[4].u_lstm_unit/u_mac/sum_arr_bf[1][16]_i_1__1_n_0 |                                                              |                3 |             17 |         5.67 |
|  clk_IBUF_BUFG                                                | genblk1[4].u_lstm_unit/u_mac/sum_arr_bf[2][16]_i_1__1_n_0 |                                                              |                4 |             17 |         4.25 |
|  clk_IBUF_BUFG                                                | genblk1[4].u_lstm_unit/u_mac/sum_arr_bf[3][16]_i_1__1_n_0 |                                                              |                3 |             17 |         5.67 |
|  clk_IBUF_BUFG                                                | genblk1[5].u_lstm_unit/u_mac/sum_arr_bf[7][16]_i_1__2_n_0 |                                                              |                3 |             17 |         5.67 |
|  clk_IBUF_BUFG                                                | genblk1[5].u_lstm_unit/u_mac/sum_arr_bf[6][16]_i_1__2_n_0 |                                                              |                4 |             17 |         4.25 |
|  clk_IBUF_BUFG                                                | genblk1[5].u_lstm_unit/u_mac/sum_arr_bf[5][16]_i_1__2_n_0 |                                                              |                4 |             17 |         4.25 |
|  clk_IBUF_BUFG                                                | genblk1[5].u_lstm_unit/u_mac/sum_arr_bf[4][16]_i_1__2_n_0 |                                                              |                5 |             17 |         3.40 |
|  clk_IBUF_BUFG                                                | genblk1[1].u_lstm_unit/u_mac/sum_arr_bf[0][16]_i_1__5_n_0 |                                                              |                5 |             17 |         3.40 |
|  clk_IBUF_BUFG                                                | genblk1[5].u_lstm_unit/u_mac/sum_arr_bf[2][16]_i_1__2_n_0 |                                                              |                5 |             17 |         3.40 |
|  clk_IBUF_BUFG                                                | genblk1[5].u_lstm_unit/u_mac/sum_arr_bf[1][16]_i_1__2_n_0 |                                                              |                4 |             17 |         4.25 |
|  clk_IBUF_BUFG                                                | genblk1[5].u_lstm_unit/u_mac/sum_arr_bf[0][16]_i_1__2_n_0 |                                                              |                3 |             17 |         5.67 |
|  clk_IBUF_BUFG                                                | genblk1[4].u_lstm_unit/u_mac/sum_arr_bf[4][16]_i_1__1_n_0 |                                                              |                4 |             17 |         4.25 |
|  clk_IBUF_BUFG                                                | genblk1[4].u_lstm_unit/u_mac/sum_arr_bf[5][16]_i_1__1_n_0 |                                                              |                5 |             17 |         3.40 |
|  clk_IBUF_BUFG                                                | genblk1[4].u_lstm_unit/u_mac/sum_arr_bf[6][16]_i_1__1_n_0 |                                                              |                6 |             17 |         2.83 |
|  clk_IBUF_BUFG                                                | genblk1[4].u_lstm_unit/u_mac/sum_arr_bf[7][16]_i_1__1_n_0 |                                                              |                7 |             17 |         2.43 |
|  clk_IBUF_BUFG                                                | genblk1[0].u_lstm_unit/u_mac/sum_arr_bf[6][16]_i_1__6_n_0 |                                                              |                4 |             17 |         4.25 |
|  clk_IBUF_BUFG                                                | genblk1[0].u_lstm_unit/u_mac/sum_arr_bf[5][16]_i_1__6_n_0 |                                                              |                3 |             17 |         5.67 |
|  clk_IBUF_BUFG                                                | genblk1[0].u_lstm_unit/u_mac/sum_arr_bf[4][16]_i_1__6_n_0 |                                                              |                4 |             17 |         4.25 |
|  clk_IBUF_BUFG                                                | genblk1[0].u_lstm_unit/u_mac/sum_arr_bf[3][16]_i_1__6_n_0 |                                                              |                5 |             17 |         3.40 |
|  clk_IBUF_BUFG                                                | genblk1[1].u_lstm_unit/u_mac/sum_arr_bf[1][16]_i_1__5_n_0 |                                                              |                4 |             17 |         4.25 |
|  clk_IBUF_BUFG                                                | genblk1[0].u_lstm_unit/u_mac/sum_arr_bf[7][16]_i_1__6_n_0 |                                                              |                3 |             17 |         5.67 |
|  clk_IBUF_BUFG                                                | genblk1[0].u_lstm_unit/u_mac/sum_arr_bf[2][16]_i_1__6_n_0 |                                                              |                5 |             17 |         3.40 |
|  clk_IBUF_BUFG                                                | genblk1[0].u_lstm_unit/u_mac/sum_arr_bf[0][16]_i_1__6_n_0 |                                                              |                4 |             17 |         4.25 |
|  clk_IBUF_BUFG                                                | genblk1[0].u_lstm_unit/u_mac/sum_arr_bf[1][16]_i_1__6_n_0 |                                                              |                4 |             17 |         4.25 |
|  clk_IBUF_BUFG                                                | weight_bf[17][23]_i_1_n_0                                 |                                                              |                7 |             24 |         3.43 |
|  clk_IBUF_BUFG                                                | weight_bf[3][23]_i_1_n_0                                  |                                                              |                7 |             24 |         3.43 |
|  clk_IBUF_BUFG                                                | weight_bf[4][23]_i_1_n_0                                  |                                                              |                8 |             24 |         3.00 |
|  clk_IBUF_BUFG                                                | weight_bf[5][23]_i_1_n_0                                  |                                                              |                6 |             24 |         4.00 |
|  clk_IBUF_BUFG                                                | weight_bf[14][23]_i_1_n_0                                 |                                                              |                6 |             24 |         4.00 |
|  clk_IBUF_BUFG                                                | weight_bf[6][23]_i_1_n_0                                  |                                                              |                9 |             24 |         2.67 |
|  clk_IBUF_BUFG                                                | weight_bf[9][23]_i_1_n_0                                  |                                                              |               13 |             24 |         1.85 |
|  clk_IBUF_BUFG                                                | weight_bf[16][23]_i_1_n_0                                 |                                                              |                6 |             24 |         4.00 |
|  clk_IBUF_BUFG                                                | weight_bf[7][23]_i_1_n_0                                  |                                                              |               11 |             24 |         2.18 |
|  clk_IBUF_BUFG                                                | weight_bf[8][23]_i_1_n_0                                  |                                                              |               10 |             24 |         2.40 |
|  clk_IBUF_BUFG                                                | weight_bf[27][23]_i_1_n_0                                 |                                                              |                8 |             24 |         3.00 |
|  clk_IBUF_BUFG                                                | weight_bf[1][23]_i_1_n_0                                  |                                                              |                5 |             24 |         4.80 |
|  clk_IBUF_BUFG                                                | weight_bf[19][23]_i_1_n_0                                 |                                                              |                9 |             24 |         2.67 |
|  clk_IBUF_BUFG                                                | weight_bf[18][23]_i_1_n_0                                 |                                                              |                9 |             24 |         2.67 |
|  clk_IBUF_BUFG                                                | weight_bf[15][23]_i_1_n_0                                 |                                                              |               12 |             24 |         2.00 |
|  clk_IBUF_BUFG                                                | weight_bf[25][23]_i_1_n_0                                 |                                                              |                4 |             24 |         6.00 |
|  clk_IBUF_BUFG                                                | weight_bf[26][23]_i_1_n_0                                 |                                                              |                7 |             24 |         3.43 |
|  clk_IBUF_BUFG                                                | weight_bf[24][23]_i_1_n_0                                 |                                                              |                7 |             24 |         3.43 |
|  clk_IBUF_BUFG                                                | weight_bf[23][23]_i_1_n_0                                 |                                                              |               14 |             24 |         1.71 |
|  clk_IBUF_BUFG                                                | weight_bf[22][23]_i_1_n_0                                 |                                                              |                9 |             24 |         2.67 |
|  clk_IBUF_BUFG                                                | weight_bf[2][23]_i_1_n_0                                  |                                                              |                6 |             24 |         4.00 |
|  clk_IBUF_BUFG                                                | weight_bf[21][23]_i_1_n_0                                 |                                                              |               11 |             24 |         2.18 |
|  clk_IBUF_BUFG                                                | weight_bf[20][23]_i_1_n_0                                 |                                                              |                7 |             24 |         3.43 |
|  clk_IBUF_BUFG                                                | weight_bf[30][23]_i_1_n_0                                 |                                                              |                5 |             24 |         4.80 |
|  clk_IBUF_BUFG                                                | weight_bf[31][23]_i_1_n_0                                 |                                                              |               16 |             24 |         1.50 |
|  clk_IBUF_BUFG                                                | weight_bf[13][23]_i_1_n_0                                 |                                                              |               10 |             24 |         2.40 |
|  clk_IBUF_BUFG                                                | weight_bf[0][23]_i_1_n_0                                  |                                                              |                8 |             24 |         3.00 |
|  clk_IBUF_BUFG                                                | weight_bf[10][23]_i_1_n_0                                 |                                                              |                9 |             24 |         2.67 |
|  clk_IBUF_BUFG                                                | data_input                                                |                                                              |                9 |             24 |         2.67 |
|  clk_IBUF_BUFG                                                | weight_bf[11][23]_i_1_n_0                                 |                                                              |               10 |             24 |         2.40 |
|  clk_IBUF_BUFG                                                | weight_bf[12][23]_i_1_n_0                                 |                                                              |                6 |             24 |         4.00 |
|  clk_IBUF_BUFG                                                | input_bf[23]_i_1_n_0                                      |                                                              |                9 |             24 |         2.67 |
|  clk_IBUF_BUFG                                                | weight_bf[29][23]_i_1_n_0                                 |                                                              |                8 |             24 |         3.00 |
|  clk_IBUF_BUFG                                                | weight_bf[28][23]_i_1_n_0                                 |                                                              |                9 |             24 |         2.67 |
|  clk_IBUF_BUFG                                                | genblk1[5].u_lstm_unit/accu_forget_bf[31]_i_1__2_n_0      |                                                              |               15 |             32 |         2.13 |
|  clk_IBUF_BUFG                                                | genblk1[3].u_lstm_unit/u_mac/out_temp[31]_i_1__0_n_0      | genblk1[4].u_lstm_unit/u_mac/rstn                            |                8 |             32 |         4.00 |
|  clk_IBUF_BUFG                                                | genblk1[0].u_lstm_unit/u_mac/out_temp[31]_i_1__6_n_0      | genblk1[4].u_lstm_unit/u_mac/rstn                            |                8 |             32 |         4.00 |
|  clk_IBUF_BUFG                                                | genblk1[1].u_lstm_unit/u_mac/out_temp[31]_i_1__5_n_0      | genblk1[4].u_lstm_unit/u_mac/rstn                            |                8 |             32 |         4.00 |
|  clk_IBUF_BUFG                                                | genblk1[2].u_lstm_unit/u_mac/out_temp[31]_i_1_n_0         | genblk1[4].u_lstm_unit/u_mac/rstn                            |                8 |             32 |         4.00 |
|  clk_IBUF_BUFG                                                | genblk1[0].u_lstm_unit/accu_output_bf[31]_i_1__6_n_0      |                                                              |               16 |             32 |         2.00 |
|  clk_IBUF_BUFG                                                | genblk1[2].u_lstm_unit/accu_bf[31]_i_1_n_0                | genblk1[4].u_lstm_unit/u_mac/rstn                            |               29 |             32 |         1.10 |
|  clk_IBUF_BUFG                                                | genblk1[2].u_lstm_unit/accu_cell_bf[31]_i_1_n_0           |                                                              |               15 |             32 |         2.13 |
|  clk_IBUF_BUFG                                                | genblk1[2].u_lstm_unit/accu_input_bf[31]_i_1_n_0          |                                                              |               17 |             32 |         1.88 |
|  clk_IBUF_BUFG                                                | genblk1[5].u_lstm_unit/accu_bf[31]_i_1__2_n_0             | genblk1[4].u_lstm_unit/u_mac/rstn                            |               24 |             32 |         1.33 |
|  clk_IBUF_BUFG                                                | genblk1[5].u_lstm_unit/accu_cell_bf[31]_i_1__2_n_0        |                                                              |               16 |             32 |         2.00 |
|  clk_IBUF_BUFG                                                | genblk1[1].u_lstm_unit/accu_input_bf[31]_i_1__5_n_0       |                                                              |               20 |             32 |         1.60 |
|  clk_IBUF_BUFG                                                | genblk1[5].u_lstm_unit/accu_input_bf[31]_i_1__2_n_0       |                                                              |               13 |             32 |         2.46 |
|  clk_IBUF_BUFG                                                | genblk1[5].u_lstm_unit/accu_output_bf[31]_i_1__2_n_0      |                                                              |               16 |             32 |         2.00 |
|  clk_IBUF_BUFG                                                | bias_bf[9][31]_i_1_n_0                                    |                                                              |               17 |             32 |         1.88 |
|  clk_IBUF_BUFG                                                | bias_bf[8][31]_i_1_n_0                                    |                                                              |               14 |             32 |         2.29 |
|  clk_IBUF_BUFG                                                | bias_bf[6][31]_i_1_n_0                                    |                                                              |               20 |             32 |         1.60 |
|  clk_IBUF_BUFG                                                | bias_bf[5][31]_i_1_n_0                                    |                                                              |               20 |             32 |         1.60 |
|  clk_IBUF_BUFG                                                | bias_bf[4][31]_i_1_n_0                                    |                                                              |               16 |             32 |         2.00 |
|  clk_IBUF_BUFG                                                | bias_bf[3][31]_i_1_n_0                                    |                                                              |               13 |             32 |         2.46 |
|  clk_IBUF_BUFG                                                | bias_bf[31][31]_i_1_n_0                                   |                                                              |               18 |             32 |         1.78 |
|  clk_IBUF_BUFG                                                | genblk1[4].u_lstm_unit/accu_forget_bf[31]_i_1__1_n_0      |                                                              |               22 |             32 |         1.45 |
|  clk_IBUF_BUFG                                                | genblk1[3].u_lstm_unit/accu_bf[31]_i_1__0_n_0             | genblk1[4].u_lstm_unit/u_mac/rstn                            |               23 |             32 |         1.39 |
|  clk_IBUF_BUFG                                                | genblk1[3].u_lstm_unit/accu_cell_bf[31]_i_1__0_n_0        |                                                              |               14 |             32 |         2.29 |
|  clk_IBUF_BUFG                                                | genblk1[3].u_lstm_unit/accu_forget_bf[31]_i_1__0_n_0      |                                                              |               16 |             32 |         2.00 |
|  clk_IBUF_BUFG                                                | genblk1[3].u_lstm_unit/accu_input_bf[31]_i_1__0_n_0       |                                                              |               18 |             32 |         1.78 |
|  clk_IBUF_BUFG                                                | genblk1[3].u_lstm_unit/accu_output_bf[31]_i_1__0_n_0      |                                                              |               16 |             32 |         2.00 |
|  clk_IBUF_BUFG                                                | genblk1[4].u_lstm_unit/u_mac/out_temp[31]_i_1__1_n_0      | genblk1[4].u_lstm_unit/u_mac/rstn                            |                8 |             32 |         4.00 |
|  clk_IBUF_BUFG                                                | genblk1[0].u_lstm_unit/accu_forget_bf[31]_i_1__6_n_0      |                                                              |                9 |             32 |         3.56 |
|  clk_IBUF_BUFG                                                | genblk1[4].u_lstm_unit/accu_bf[31]_i_1__1_n_0             | genblk1[4].u_lstm_unit/u_mac/rstn                            |               27 |             32 |         1.19 |
|  clk_IBUF_BUFG                                                | genblk1[4].u_lstm_unit/accu_cell_bf[31]_i_1__1_n_0        |                                                              |               14 |             32 |         2.29 |
|  clk_IBUF_BUFG                                                | bias_bf[7][31]_i_1_n_0                                    |                                                              |               19 |             32 |         1.68 |
|  clk_IBUF_BUFG                                                | genblk1[4].u_lstm_unit/accu_input_bf[31]_i_1__1_n_0       |                                                              |               23 |             32 |         1.39 |
|  clk_IBUF_BUFG                                                | genblk1[4].u_lstm_unit/accu_output_bf[31]_i_1__1_n_0      |                                                              |               25 |             32 |         1.28 |
|  clk_IBUF_BUFG                                                | genblk1[0].u_lstm_unit/accu_bf[31]_i_1__6_n_0             | genblk1[4].u_lstm_unit/u_mac/rstn                            |               24 |             32 |         1.33 |
|  clk_IBUF_BUFG                                                | genblk1[5].u_lstm_unit/u_mac/out_temp[31]_i_1__2_n_0      | genblk1[4].u_lstm_unit/u_mac/rstn                            |                8 |             32 |         4.00 |
|  clk_IBUF_BUFG                                                | genblk1[2].u_lstm_unit/accu_output_bf[31]_i_1_n_0         |                                                              |               14 |             32 |         2.29 |
|  clk_IBUF_BUFG                                                | genblk1[1].u_lstm_unit/accu_output_bf[31]_i_1__5_n_0      |                                                              |               19 |             32 |         1.68 |
|  clk_IBUF_BUFG                                                | genblk1[1].u_lstm_unit/accu_cell_bf[31]_i_1__5_n_0        |                                                              |               16 |             32 |         2.00 |
|  clk_IBUF_BUFG                                                | genblk1[1].u_lstm_unit/accu_bf[31]_i_1__5_n_0             | genblk1[4].u_lstm_unit/u_mac/rstn                            |               27 |             32 |         1.19 |
|  clk_IBUF_BUFG                                                | genblk1[1].u_lstm_unit/accu_forget_bf[31]_i_1__5_n_0      |                                                              |               15 |             32 |         2.13 |
|  clk_IBUF_BUFG                                                | genblk1[6].u_lstm_unit/accu_forget_bf[31]_i_1__3_n_0      |                                                              |               11 |             32 |         2.91 |
|  clk_IBUF_BUFG                                                | bias_bf[13][31]_i_1_n_0                                   |                                                              |               11 |             32 |         2.91 |
|  clk_IBUF_BUFG                                                | bias_bf[12][31]_i_1_n_0                                   |                                                              |               13 |             32 |         2.46 |
|  clk_IBUF_BUFG                                                | bias_bf[11][31]_i_1_n_0                                   |                                                              |                9 |             32 |         3.56 |
|  clk_IBUF_BUFG                                                | bias_bf[10][31]_i_1_n_0                                   |                                                              |               17 |             32 |         1.88 |
|  clk_IBUF_BUFG                                                | bias_bf[0][31]_i_1_n_0                                    |                                                              |               19 |             32 |         1.68 |
|  clk_IBUF_BUFG                                                | genblk1[0].u_lstm_unit/accu_input_bf[31]_i_1__6_n_0       |                                                              |               14 |             32 |         2.29 |
|  clk_IBUF_BUFG                                                | genblk1[0].u_lstm_unit/accu_cell_bf[31]_i_1__6_n_0        |                                                              |               16 |             32 |         2.00 |
|  clk_IBUF_BUFG                                                | genblk1[6].u_lstm_unit/u_mac/out_temp[31]_i_1__3_n_0      | genblk1[4].u_lstm_unit/u_mac/rstn                            |                8 |             32 |         4.00 |
|  clk_IBUF_BUFG                                                | genblk1[6].u_lstm_unit/accu_bf[31]_i_1__3_n_0             | genblk1[4].u_lstm_unit/u_mac/rstn                            |               27 |             32 |         1.19 |
|  clk_IBUF_BUFG                                                | genblk1[6].u_lstm_unit/accu_cell_bf[31]_i_1__3_n_0        |                                                              |               18 |             32 |         1.78 |
|  clk_IBUF_BUFG                                                | bias_bf[2][31]_i_1_n_0                                    |                                                              |                9 |             32 |         3.56 |
|  clk_IBUF_BUFG                                                | genblk1[6].u_lstm_unit/accu_input_bf[31]_i_1__3_n_0       |                                                              |               11 |             32 |         2.91 |
|  clk_IBUF_BUFG                                                | genblk1[6].u_lstm_unit/accu_output_bf[31]_i_1__3_n_0      |                                                              |               11 |             32 |         2.91 |
|  clk_IBUF_BUFG                                                | genblk1[7].u_lstm_unit/accu_output_bf[31]_i_1__4_n_0      |                                                              |               17 |             32 |         1.88 |
|  clk_IBUF_BUFG                                                | genblk1[7].u_lstm_unit/accu_input_bf[31]_i_1__4_n_0       |                                                              |               16 |             32 |         2.00 |
|  clk_IBUF_BUFG                                                | genblk1[7].u_lstm_unit/accu_forget_bf[31]_i_1__4_n_0      |                                                              |               15 |             32 |         2.13 |
|  clk_IBUF_BUFG                                                | genblk1[7].u_lstm_unit/accu_cell_bf[31]_i_1__4_n_0        |                                                              |               15 |             32 |         2.13 |
|  clk_IBUF_BUFG                                                | genblk1[7].u_lstm_unit/accu_bf[31]_i_1__4_n_0             | genblk1[4].u_lstm_unit/u_mac/rstn                            |               25 |             32 |         1.28 |
|  clk_IBUF_BUFG                                                | genblk1[2].u_lstm_unit/accu_forget_bf[31]_i_1_n_0         |                                                              |               19 |             32 |         1.68 |
|  clk_IBUF_BUFG                                                | genblk1[7].u_lstm_unit/u_mac/out_temp[31]_i_1__4_n_0      | genblk1[4].u_lstm_unit/u_mac/rstn                            |                8 |             32 |         4.00 |
|  clk_IBUF_BUFG                                                | bias_bf[19][31]_i_1_n_0                                   |                                                              |               16 |             32 |         2.00 |
|  clk_IBUF_BUFG                                                | bias_bf[30][31]_i_1_n_0                                   |                                                              |               12 |             32 |         2.67 |
|  clk_IBUF_BUFG                                                | bias_bf[29][31]_i_1_n_0                                   |                                                              |               16 |             32 |         2.00 |
|  clk_IBUF_BUFG                                                | bias_bf[28][31]_i_1_n_0                                   |                                                              |               12 |             32 |         2.67 |
|  clk_IBUF_BUFG                                                | bias_bf[27][31]_i_1_n_0                                   |                                                              |               16 |             32 |         2.00 |
|  clk_IBUF_BUFG                                                | bias_bf[26][31]_i_1_n_0                                   |                                                              |               14 |             32 |         2.29 |
|  clk_IBUF_BUFG                                                | bias_bf[25][31]_i_1_n_0                                   |                                                              |               11 |             32 |         2.91 |
|  clk_IBUF_BUFG                                                | bias_bf[24][31]_i_1_n_0                                   |                                                              |               16 |             32 |         2.00 |
|  clk_IBUF_BUFG                                                | bias_bf[23][31]_i_1_n_0                                   |                                                              |               19 |             32 |         1.68 |
|  clk_IBUF_BUFG                                                | bias_bf[22][31]_i_1_n_0                                   |                                                              |               11 |             32 |         2.91 |
|  clk_IBUF_BUFG                                                | bias_bf[21][31]_i_1_n_0                                   |                                                              |               13 |             32 |         2.46 |
|  clk_IBUF_BUFG                                                | bias_bf[20][31]_i_1_n_0                                   |                                                              |               13 |             32 |         2.46 |
|  clk_IBUF_BUFG                                                | bias_bf[1][31]_i_1_n_0                                    |                                                              |               13 |             32 |         2.46 |
|  clk_IBUF_BUFG                                                | bias_bf[18][31]_i_1_n_0                                   |                                                              |               14 |             32 |         2.29 |
|  clk_IBUF_BUFG                                                | bias_bf[17][31]_i_1_n_0                                   |                                                              |               16 |             32 |         2.00 |
|  clk_IBUF_BUFG                                                | bias_bf[15][31]_i_1_n_0                                   |                                                              |               14 |             32 |         2.29 |
|  clk_IBUF_BUFG                                                | bias_bf[14][31]_i_1_n_0                                   |                                                              |               12 |             32 |         2.67 |
|  clk_IBUF_BUFG                                                | bias_bf[16][31]_i_1_n_0                                   |                                                              |               14 |             32 |         2.29 |
|  clk_IBUF_BUFG                                                | pre_sum[3][31]_i_1_n_0                                    |                                                              |               21 |             56 |         2.67 |
|  clk_IBUF_BUFG                                                | pre_sum[4][31]_i_1_n_0                                    |                                                              |               18 |             56 |         3.11 |
|  clk_IBUF_BUFG                                                | pre_sum[5][31]_i_1_n_0                                    |                                                              |               20 |             56 |         2.80 |
|  clk_IBUF_BUFG                                                | pre_sum[6][31]_i_1_n_0                                    |                                                              |               25 |             56 |         2.24 |
|  clk_IBUF_BUFG                                                | pre_sum[7][31]_i_1_n_0                                    |                                                              |               15 |             56 |         3.73 |
|  clk_IBUF_BUFG                                                | weight                                                    |                                                              |               23 |             56 |         2.43 |
|  clk_IBUF_BUFG                                                | weight[1][23]_i_1_n_0                                     |                                                              |               20 |             56 |         2.80 |
|  clk_IBUF_BUFG                                                | pre_sum[2][31]_i_1_n_0                                    |                                                              |               19 |             56 |         2.95 |
|  clk_IBUF_BUFG                                                | genblk1[2].u_lstm_unit/u_mac/weights_bf_0[7]_i_1__5_n_0   | genblk1[4].u_lstm_unit/u_mac/rstn                            |               23 |             80 |         3.48 |
|  clk_IBUF_BUFG                                                | genblk1[3].u_lstm_unit/u_mac/weights_bf_0[7]_i_1__6_n_0   | genblk1[4].u_lstm_unit/u_mac/rstn                            |               26 |             80 |         3.08 |
|  clk_IBUF_BUFG                                                | genblk1[6].u_lstm_unit/weights_bf_0[7]_i_1__3_n_0         | genblk1[4].u_lstm_unit/u_mac/rstn                            |               25 |             80 |         3.20 |
|  clk_IBUF_BUFG                                                | genblk1[2].u_lstm_unit/weights_bf_0[7]_i_1_n_0            | genblk1[4].u_lstm_unit/u_mac/rstn                            |               27 |             80 |         2.96 |
|  clk_IBUF_BUFG                                                | genblk1[0].u_lstm_unit/u_mac/weights_bf_0[7]_i_1__14_n_0  | genblk1[4].u_lstm_unit/u_mac/rstn                            |               27 |             80 |         2.96 |
|  clk_IBUF_BUFG                                                | genblk1[3].u_lstm_unit/weights_bf_0[7]_i_1__0_n_0         | genblk1[4].u_lstm_unit/u_mac/rstn                            |               28 |             80 |         2.86 |
|  clk_IBUF_BUFG                                                | genblk1[4].u_lstm_unit/u_mac/weights_bf_0[7]_i_1__7_n_0   | genblk1[4].u_lstm_unit/u_mac/rstn                            |               23 |             80 |         3.48 |
|  clk_IBUF_BUFG                                                | genblk1[4].u_lstm_unit/weights_bf_0[7]_i_1__1_n_0         | genblk1[4].u_lstm_unit/u_mac/rstn                            |               27 |             80 |         2.96 |
|  clk_IBUF_BUFG                                                | genblk1[5].u_lstm_unit/u_mac/weights_bf_0[7]_i_1__8_n_0   | genblk1[4].u_lstm_unit/u_mac/rstn                            |               34 |             80 |         2.35 |
|  clk_IBUF_BUFG                                                | genblk1[1].u_lstm_unit/weights_bf_0[7]_i_1__11_n_0        | genblk1[4].u_lstm_unit/u_mac/rstn                            |               24 |             80 |         3.33 |
|  clk_IBUF_BUFG                                                | genblk1[1].u_lstm_unit/u_mac/weights_bf_0[7]_i_1__13_n_0  | genblk1[4].u_lstm_unit/u_mac/rstn                            |               27 |             80 |         2.96 |
|  clk_IBUF_BUFG                                                | genblk1[0].u_lstm_unit/weights_bf_0[7]_i_1__12_n_0        | genblk1[4].u_lstm_unit/u_mac/rstn                            |               27 |             80 |         2.96 |
|  clk_IBUF_BUFG                                                | genblk1[7].u_lstm_unit/weights_bf_0[7]_i_1__4_n_0         | genblk1[4].u_lstm_unit/u_mac/rstn                            |               27 |             80 |         2.96 |
|  clk_IBUF_BUFG                                                | genblk1[5].u_lstm_unit/weights_bf_0[7]_i_1__2_n_0         | genblk1[4].u_lstm_unit/u_mac/rstn                            |               26 |             80 |         3.08 |
|  clk_IBUF_BUFG                                                | genblk1[6].u_lstm_unit/u_mac/weights_bf_0[7]_i_1__9_n_0   | genblk1[4].u_lstm_unit/u_mac/rstn                            |               33 |             80 |         2.42 |
|  clk_IBUF_BUFG                                                | genblk1[7].u_lstm_unit/u_mac/weights_bf_0[7]_i_1__10_n_0  | genblk1[4].u_lstm_unit/u_mac/rstn                            |               27 |             80 |         2.96 |
|  clk_IBUF_BUFG                                                |                                                           |                                                              |               57 |            106 |         1.86 |
|  clk_IBUF_BUFG                                                |                                                           | genblk1[4].u_lstm_unit/u_mac/rstn                            |               83 |            154 |         1.86 |
+---------------------------------------------------------------+-----------------------------------------------------------+--------------------------------------------------------------+------------------+----------------+--------------+


