#-----------------------------------------------------------
# Vivado v2023.1 (64-bit)
# SW Build 3865809 on Sun May  7 15:04:56 MDT 2023
# IP Build 3864474 on Sun May  7 20:36:21 MDT 2023
# SharedData Build 3865790 on Sun May 07 13:33:03 MDT 2023
# Start of session at: Wed May  1 13:53:32 2024
# Process ID: 5983
# Current directory: /home/vanloi/Documents/Loi_study/DATN/vivado_LSTM/lstm_accelerator
# Command line: vivado
# Log file: /home/vanloi/Documents/Loi_study/DATN/vivado_LSTM/lstm_accelerator/vivado.log
# Journal file: /home/vanloi/Documents/Loi_study/DATN/vivado_LSTM/lstm_accelerator/vivado.jou
# Running On: vanloi-laptop, OS: Linux, CPU Frequency: 399.868 MHz, CPU Physical cores: 12, Host memory: 16444 MB
#-----------------------------------------------------------
start_gui
open_project /home/vanloi/Documents/Loi_study/DATN/vivado_LSTM/lstm_accelerator/lstm_accelerator.xpr
update_compile_order -fileset sources_1
set_property SOURCE_SET sources_1 [get_filesets sim_1]
close [ open /home/vanloi/Documents/Loi_study/DATN/vivado_LSTM/lstm_accelerator/lstm_accelerator.srcs/sim_1/new/tb_accelerator_real_data.sv w ]
add_files -fileset sim_1 /home/vanloi/Documents/Loi_study/DATN/vivado_LSTM/lstm_accelerator/lstm_accelerator.srcs/sim_1/new/tb_accelerator_real_data.sv
update_compile_order -fileset sim_1
# Disabling source management mode.  This is to allow the top design properties to be set without GUI intervention.
set_property source_mgmt_mode None [current_project]
set_property top tb_accelerator_real_data [get_filesets sim_1]
set_property top_lib xil_defaultlib [get_filesets sim_1]
# Re-enabling previously disabled source management mode.
set_property source_mgmt_mode All [current_project]
update_compile_order -fileset sim_1
update_compile_order -fileset sim_1
launch_simulation
source tb_accelerator_real_data.tcl
close_sim
launch_simulation
source tb_accelerator_real_data.tcl
close_sim
launch_simulation
launch_simulation
update_compile_order -fileset sim_1
launch_simulation
source tb_accelerator_real_data.tcl
close_sim
launch_simulation
source tb_accelerator_real_data.tcl
close_sim
launch_simulation
source tb_accelerator_real_data.tcl
close_sim
launch_simulation
launch_simulation
source tb_accelerator_real_data.tcl
close_sim
launch_simulation
source tb_accelerator_real_data.tcl
close_sim
launch_simulation
source tb_accelerator_real_data.tcl
close_sim
launch_simulation
source tb_accelerator_real_data.tcl
close_sim
launch_simulation
source tb_accelerator_real_data.tcl
close_sim
launch_simulation
source tb_accelerator_real_data.tcl
close_sim
launch_simulation
source tb_accelerator_real_data.tcl
close_sim
launch_simulation
source tb_accelerator_real_data.tcl
close_sim
launch_simulation
source tb_accelerator_real_data.tcl
close_sim
launch_simulation
source tb_accelerator_real_data.tcl
close_sim
launch_simulation
source tb_accelerator_real_data.tcl
close_sim
launch_simulation
source tb_accelerator_real_data.tcl
close_sim
launch_simulation
source tb_accelerator_real_data.tcl
close_sim
launch_simulation
launch_simulation
launch_simulation
source tb_accelerator_real_data.tcl
close_sim
launch_simulation
source tb_accelerator_real_data.tcl
close_sim
launch_simulation
source tb_accelerator_real_data.tcl
close_sim
launch_simulation
source tb_accelerator_real_data.tcl
update_compile_order -fileset sources_1
update_compile_order -fileset sources_1
close_sim
launch_simulation
launch_simulation
launch_simulation
source tb_accelerator_real_data.tcl
update_compile_order -fileset sources_1
close_sim
launch_simulation
source tb_accelerator_real_data.tcl
close_sim
launch_simulation
source tb_accelerator_real_data.tcl
close_sim
launch_simulation
source tb_accelerator_real_data.tcl
close_sim
launch_simulation
source tb_accelerator_real_data.tcl
close_sim
launch_simulation
source tb_accelerator_real_data.tcl
close_sim
launch_simulation
source tb_accelerator_real_data.tcl
close_sim
launch_simulation
source tb_accelerator_real_data.tcl
close_sim
launch_simulation
source tb_accelerator_real_data.tcl
close_sim
launch_simulation
source tb_accelerator_real_data.tcl
close_sim
launch_simulation
source tb_accelerator_real_data.tcl
close_sim
launch_simulation
source tb_accelerator_real_data.tcl
close_sim
launch_simulation
source tb_accelerator_real_data.tcl
close_sim
launch_simulation
source tb_accelerator_real_data.tcl
close_sim
launch_simulation
source tb_accelerator_real_data.tcl
close_sim
launch_simulation
source tb_accelerator_real_data.tcl
close_sim
launch_simulation
source tb_accelerator_real_data.tcl
close_sim
launch_simulation
source tb_accelerator_real_data.tcl
close_sim
launch_simulation
source tb_accelerator_real_data.tcl
close_sim
