#-----------------------------------------------------------
# Vivado v2023.1 (64-bit)
# SW Build 3865809 on Sun May  7 15:04:56 MDT 2023
# IP Build 3864474 on Sun May  7 20:36:21 MDT 2023
# SharedData Build 3865790 on Sun May 07 13:33:03 MDT 2023
# Start of session at: Wed May  8 23:31:03 2024
# Process ID: 7644
# Current directory: /home/vanloi/Documents/Loi_study/DATN/vivado_LSTM/lstm_accelerator
# Command line: vivado
# Log file: /home/vanloi/Documents/Loi_study/DATN/vivado_LSTM/lstm_accelerator/vivado.log
# Journal file: /home/vanloi/Documents/Loi_study/DATN/vivado_LSTM/lstm_accelerator/vivado.jou
# Running On: vanloi-laptop, OS: Linux, CPU Frequency: 2129.896 MHz, CPU Physical cores: 12, Host memory: 16444 MB
#-----------------------------------------------------------
start_gui
open_project /home/vanloi/Documents/Loi_study/DATN/vivado_LSTM/lstm_accelerator/lstm_accelerator.xpr
update_compile_order -fileset sources_1
launch_simulation
source tb_accelerator_real_data.tcl
close_sim
launch_simulation
source tb_accelerator_real_data.tcl
close_sim
launch_simulation
source tb_accelerator_real_data.tcl
save_wave_config {/home/vanloi/Documents/Loi_study/DATN/vivado_LSTM/lstm_accelerator/tb_accelerator_real_data_behav.wcfg}
add_files -fileset sim_1 -norecurse /home/vanloi/Documents/Loi_study/DATN/vivado_LSTM/lstm_accelerator/tb_accelerator_real_data_behav.wcfg
set_property xsim.view /home/vanloi/Documents/Loi_study/DATN/vivado_LSTM/lstm_accelerator/tb_accelerator_real_data_behav.wcfg [get_filesets sim_1]
close_sim
launch_simulation
open_wave_config /home/vanloi/Documents/Loi_study/DATN/vivado_LSTM/lstm_accelerator/tb_accelerator_real_data_behav.wcfg
source tb_accelerator_real_data.tcl
close_sim
launch_simulation
open_wave_config /home/vanloi/Documents/Loi_study/DATN/vivado_LSTM/lstm_accelerator/tb_accelerator_real_data_behav.wcfg
source tb_accelerator_real_data.tcl
set_property -name {xsim.simulate.runtime} -value {500000000ns} -objects [get_filesets sim_1]
close_sim
launch_simulation
open_wave_config /home/vanloi/Documents/Loi_study/DATN/vivado_LSTM/lstm_accelerator/tb_accelerator_real_data_behav.wcfg
source tb_accelerator_real_data.tcl
set_property -name {xsim.simulate.runtime} -value {50000000ns} -objects [get_filesets sim_1]
close_sim
launch_simulation
open_wave_config /home/vanloi/Documents/Loi_study/DATN/vivado_LSTM/lstm_accelerator/tb_accelerator_real_data_behav.wcfg
source tb_accelerator_real_data.tcl
set_property -name {xsim.simulate.runtime} -value {500000ns} -objects [get_filesets sim_1]
close_sim
launch_simulation
open_wave_config /home/vanloi/Documents/Loi_study/DATN/vivado_LSTM/lstm_accelerator/tb_accelerator_real_data_behav.wcfg
source tb_accelerator_real_data.tcl
save_wave_config {/home/vanloi/Documents/Loi_study/DATN/vivado_LSTM/lstm_accelerator/tb_accelerator_real_data_behav.wcfg}
close_sim
launch_simulation
open_wave_config /home/vanloi/Documents/Loi_study/DATN/vivado_LSTM/lstm_accelerator/tb_accelerator_real_data_behav.wcfg
source tb_accelerator_real_data.tcl
close_sim
launch_simulation
launch_simulation
open_wave_config /home/vanloi/Documents/Loi_study/DATN/vivado_LSTM/lstm_accelerator/tb_accelerator_real_data_behav.wcfg
source tb_accelerator_real_data.tcl
close_sim
launch_simulation
open_wave_config /home/vanloi/Documents/Loi_study/DATN/vivado_LSTM/lstm_accelerator/tb_accelerator_real_data_behav.wcfg
source tb_accelerator_real_data.tcl
current_wave_config {tb_accelerator_real_data_behav.wcfg}
add_wave {{/tb_accelerator_real_data/uut/\genblk1[0].u_lstm_unit /waiting_time_before_to_idle}} 
close_sim
launch_simulation
open_wave_config /home/vanloi/Documents/Loi_study/DATN/vivado_LSTM/lstm_accelerator/tb_accelerator_real_data_behav.wcfg
source tb_accelerator_real_data.tcl
close_sim
launch_simulation
open_wave_config /home/vanloi/Documents/Loi_study/DATN/vivado_LSTM/lstm_accelerator/tb_accelerator_real_data_behav.wcfg
source tb_accelerator_real_data.tcl
set_property -name {xsim.simulate.runtime} -value {50000000ns} -objects [get_filesets sim_1]
close_sim
launch_simulation
open_wave_config /home/vanloi/Documents/Loi_study/DATN/vivado_LSTM/lstm_accelerator/tb_accelerator_real_data_behav.wcfg
source tb_accelerator_real_data.tcl
set_property -name {xsim.simulate.runtime} -value {20000000ns} -objects [get_filesets sim_1]
set_property -name {xsim.simulate.runtime} -value {10000000ns} -objects [get_filesets sim_1]
close_sim
launch_simulation
open_wave_config /home/vanloi/Documents/Loi_study/DATN/vivado_LSTM/lstm_accelerator/tb_accelerator_real_data_behav.wcfg
source tb_accelerator_real_data.tcl
set_property -name {xsim.simulate.runtime} -value {500000ns} -objects [get_filesets sim_1]
close_sim
launch_simulation
open_wave_config /home/vanloi/Documents/Loi_study/DATN/vivado_LSTM/lstm_accelerator/tb_accelerator_real_data_behav.wcfg
source tb_accelerator_real_data.tcl
close_sim
launch_simulation
open_wave_config /home/vanloi/Documents/Loi_study/DATN/vivado_LSTM/lstm_accelerator/tb_accelerator_real_data_behav.wcfg
source tb_accelerator_real_data.tcl
close_sim
launch_simulation
open_wave_config /home/vanloi/Documents/Loi_study/DATN/vivado_LSTM/lstm_accelerator/tb_accelerator_real_data_behav.wcfg
source tb_accelerator_real_data.tcl
close_sim
launch_simulation
open_wave_config /home/vanloi/Documents/Loi_study/DATN/vivado_LSTM/lstm_accelerator/tb_accelerator_real_data_behav.wcfg
source tb_accelerator_real_data.tcl
close_sim
launch_simulation
open_wave_config /home/vanloi/Documents/Loi_study/DATN/vivado_LSTM/lstm_accelerator/tb_accelerator_real_data_behav.wcfg
source tb_accelerator_real_data.tcl
close_sim
launch_simulation
open_wave_config /home/vanloi/Documents/Loi_study/DATN/vivado_LSTM/lstm_accelerator/tb_accelerator_real_data_behav.wcfg
source tb_accelerator_real_data.tcl
close_sim
launch_simulation
open_wave_config /home/vanloi/Documents/Loi_study/DATN/vivado_LSTM/lstm_accelerator/tb_accelerator_real_data_behav.wcfg
source tb_accelerator_real_data.tcl
close_sim
launch_simulation
open_wave_config /home/vanloi/Documents/Loi_study/DATN/vivado_LSTM/lstm_accelerator/tb_accelerator_real_data_behav.wcfg
source tb_accelerator_real_data.tcl
close_sim
launch_simulation
open_wave_config /home/vanloi/Documents/Loi_study/DATN/vivado_LSTM/lstm_accelerator/tb_accelerator_real_data_behav.wcfg
source tb_accelerator_real_data.tcl
close_sim
launch_simulation
open_wave_config /home/vanloi/Documents/Loi_study/DATN/vivado_LSTM/lstm_accelerator/tb_accelerator_real_data_behav.wcfg
source tb_accelerator_real_data.tcl
save_wave_config {/home/vanloi/Documents/Loi_study/DATN/vivado_LSTM/lstm_accelerator/tb_accelerator_real_data_behav.wcfg}
save_wave_config {/home/vanloi/Documents/Loi_study/DATN/vivado_LSTM/lstm_accelerator/tb_accelerator_real_data_behav.wcfg}
close_sim
launch_simulation
open_wave_config /home/vanloi/Documents/Loi_study/DATN/vivado_LSTM/lstm_accelerator/tb_accelerator_real_data_behav.wcfg
source tb_accelerator_real_data.tcl
save_wave_config {/home/vanloi/Documents/Loi_study/DATN/vivado_LSTM/lstm_accelerator/tb_accelerator_real_data_behav.wcfg}
close_sim
launch_simulation
open_wave_config /home/vanloi/Documents/Loi_study/DATN/vivado_LSTM/lstm_accelerator/tb_accelerator_real_data_behav.wcfg
source tb_accelerator_real_data.tcl
close_sim
launch_simulation
open_wave_config /home/vanloi/Documents/Loi_study/DATN/vivado_LSTM/lstm_accelerator/tb_accelerator_real_data_behav.wcfg
source tb_accelerator_real_data.tcl
relaunch_sim
set_property -name {xsim.simulate.log_all_signals} -value {true} -objects [get_filesets sim_1]
close_sim
launch_simulation
open_wave_config /home/vanloi/Documents/Loi_study/DATN/vivado_LSTM/lstm_accelerator/tb_accelerator_real_data_behav.wcfg
source tb_accelerator_real_data.tcl
close_sim
launch_simulation
open_wave_config /home/vanloi/Documents/Loi_study/DATN/vivado_LSTM/lstm_accelerator/tb_accelerator_real_data_behav.wcfg
source tb_accelerator_real_data.tcl
current_wave_config {tb_accelerator_real_data_behav.wcfg}
add_wave {{/tb_accelerator_real_data/o_lstm_remain_waiting_time}} 
close_sim
launch_simulation
open_wave_config /home/vanloi/Documents/Loi_study/DATN/vivado_LSTM/lstm_accelerator/tb_accelerator_real_data_behav.wcfg
source tb_accelerator_real_data.tcl
current_wave_config {tb_accelerator_real_data_behav.wcfg}
add_wave {{/tb_accelerator_real_data/o_lstm_remain_waiting_time}} 
save_wave_config {/home/vanloi/Documents/Loi_study/DATN/vivado_LSTM/lstm_accelerator/tb_accelerator_real_data_behav.wcfg}
close_sim
launch_simulation
open_wave_config /home/vanloi/Documents/Loi_study/DATN/vivado_LSTM/lstm_accelerator/tb_accelerator_real_data_behav.wcfg
source tb_accelerator_real_data.tcl
save_wave_config {/home/vanloi/Documents/Loi_study/DATN/vivado_LSTM/lstm_accelerator/tb_accelerator_real_data_behav.wcfg}
close_sim
launch_simulation
open_wave_config /home/vanloi/Documents/Loi_study/DATN/vivado_LSTM/lstm_accelerator/tb_accelerator_real_data_behav.wcfg
source tb_accelerator_real_data.tcl
close_sim
launch_simulation
open_wave_config /home/vanloi/Documents/Loi_study/DATN/vivado_LSTM/lstm_accelerator/tb_accelerator_real_data_behav.wcfg
source tb_accelerator_real_data.tcl
close_sim
launch_simulation
open_wave_config /home/vanloi/Documents/Loi_study/DATN/vivado_LSTM/lstm_accelerator/tb_accelerator_real_data_behav.wcfg
source tb_accelerator_real_data.tcl
close_sim
launch_simulation
open_wave_config /home/vanloi/Documents/Loi_study/DATN/vivado_LSTM/lstm_accelerator/tb_accelerator_real_data_behav.wcfg
source tb_accelerator_real_data.tcl
current_wave_config {tb_accelerator_real_data_behav.wcfg}
add_wave {{/tb_accelerator_real_data/o_lstm_ht_flag}} 
close_sim
launch_simulation
open_wave_config /home/vanloi/Documents/Loi_study/DATN/vivado_LSTM/lstm_accelerator/tb_accelerator_real_data_behav.wcfg
source tb_accelerator_real_data.tcl
save_wave_config {/home/vanloi/Documents/Loi_study/DATN/vivado_LSTM/lstm_accelerator/tb_accelerator_real_data_behav.wcfg}
close_sim
launch_simulation
open_wave_config /home/vanloi/Documents/Loi_study/DATN/vivado_LSTM/lstm_accelerator/tb_accelerator_real_data_behav.wcfg
source tb_accelerator_real_data.tcl
save_wave_config {/home/vanloi/Documents/Loi_study/DATN/vivado_LSTM/lstm_accelerator/tb_accelerator_real_data_behav.wcfg}
close_sim
launch_simulation
open_wave_config /home/vanloi/Documents/Loi_study/DATN/vivado_LSTM/lstm_accelerator/tb_accelerator_real_data_behav.wcfg
source tb_accelerator_real_data.tcl
close_sim
launch_simulation
open_wave_config /home/vanloi/Documents/Loi_study/DATN/vivado_LSTM/lstm_accelerator/tb_accelerator_real_data_behav.wcfg
source tb_accelerator_real_data.tcl
close_sim
launch_simulation
open_wave_config /home/vanloi/Documents/Loi_study/DATN/vivado_LSTM/lstm_accelerator/tb_accelerator_real_data_behav.wcfg
source tb_accelerator_real_data.tcl
current_wave_config {}
add_wave {{/tb_accelerator_real_data/o_lstm_fc_flag}} 
save_wave_config {/home/vanloi/Documents/Loi_study/DATN/vivado_LSTM/lstm_accelerator/tb_accelerator_real_data_behav.wcfg}
close_sim
launch_simulation
open_wave_config /home/vanloi/Documents/Loi_study/DATN/vivado_LSTM/lstm_accelerator/tb_accelerator_real_data_behav.wcfg
source tb_accelerator_real_data.tcl
close_sim
launch_simulation
open_wave_config /home/vanloi/Documents/Loi_study/DATN/vivado_LSTM/lstm_accelerator/tb_accelerator_real_data_behav.wcfg
source tb_accelerator_real_data.tcl
set_property -name {xsim.simulate.runtime} -value {50000000ns} -objects [get_filesets sim_1]
close_sim
launch_simulation
open_wave_config /home/vanloi/Documents/Loi_study/DATN/vivado_LSTM/lstm_accelerator/tb_accelerator_real_data_behav.wcfg
source tb_accelerator_real_data.tcl
set_property -name {xsim.simulate.runtime} -value {500000ns} -objects [get_filesets sim_1]
close_sim
launch_simulation
open_wave_config /home/vanloi/Documents/Loi_study/DATN/vivado_LSTM/lstm_accelerator/tb_accelerator_real_data_behav.wcfg
source tb_accelerator_real_data.tcl
close_sim
launch_simulation
open_wave_config /home/vanloi/Documents/Loi_study/DATN/vivado_LSTM/lstm_accelerator/tb_accelerator_real_data_behav.wcfg
source tb_accelerator_real_data.tcl
set_property -name {xsim.simulate.runtime} -value {1000000ns} -objects [get_filesets sim_1]
close_sim
launch_simulation
open_wave_config /home/vanloi/Documents/Loi_study/DATN/vivado_LSTM/lstm_accelerator/tb_accelerator_real_data_behav.wcfg
source tb_accelerator_real_data.tcl
close_sim
launch_simulation
open_wave_config /home/vanloi/Documents/Loi_study/DATN/vivado_LSTM/lstm_accelerator/tb_accelerator_real_data_behav.wcfg
source tb_accelerator_real_data.tcl
set_property -name {xsim.simulate.runtime} -value {2000000ns} -objects [get_filesets sim_1]
close_sim
launch_simulation
open_wave_config /home/vanloi/Documents/Loi_study/DATN/vivado_LSTM/lstm_accelerator/tb_accelerator_real_data_behav.wcfg
source tb_accelerator_real_data.tcl
close_sim
launch_simulation
open_wave_config /home/vanloi/Documents/Loi_study/DATN/vivado_LSTM/lstm_accelerator/tb_accelerator_real_data_behav.wcfg
source tb_accelerator_real_data.tcl
set_property -name {xsim.simulate.runtime} -value {3000000ns} -objects [get_filesets sim_1]
close_sim
launch_simulation
open_wave_config /home/vanloi/Documents/Loi_study/DATN/vivado_LSTM/lstm_accelerator/tb_accelerator_real_data_behav.wcfg
source tb_accelerator_real_data.tcl
set_property -name {xsim.simulate.runtime} -value {5000000ns} -objects [get_filesets sim_1]
close_sim
launch_simulation
open_wave_config /home/vanloi/Documents/Loi_study/DATN/vivado_LSTM/lstm_accelerator/tb_accelerator_real_data_behav.wcfg
source tb_accelerator_real_data.tcl
set_property -name {xsim.simulate.runtime} -value {20000000ns} -objects [get_filesets sim_1]
close_sim
launch_simulation
open_wave_config /home/vanloi/Documents/Loi_study/DATN/vivado_LSTM/lstm_accelerator/tb_accelerator_real_data_behav.wcfg
source tb_accelerator_real_data.tcl
set_property -name {xsim.simulate.runtime} -value {5000000ns} -objects [get_filesets sim_1]
close_sim
launch_simulation
open_wave_config /home/vanloi/Documents/Loi_study/DATN/vivado_LSTM/lstm_accelerator/tb_accelerator_real_data_behav.wcfg
source tb_accelerator_real_data.tcl
close_sim
launch_simulation
open_wave_config /home/vanloi/Documents/Loi_study/DATN/vivado_LSTM/lstm_accelerator/tb_accelerator_real_data_behav.wcfg
source tb_accelerator_real_data.tcl
set_property -name {xsim.simulate.runtime} -value {30000000ns} -objects [get_filesets sim_1]
close_sim
launch_simulation
open_wave_config /home/vanloi/Documents/Loi_study/DATN/vivado_LSTM/lstm_accelerator/tb_accelerator_real_data_behav.wcfg
source tb_accelerator_real_data.tcl
close_sim
launch_simulation
open_wave_config /home/vanloi/Documents/Loi_study/DATN/vivado_LSTM/lstm_accelerator/tb_accelerator_real_data_behav.wcfg
source tb_accelerator_real_data.tcl
set_property -name {xsim.simulate.runtime} -value {40000000ns} -objects [get_filesets sim_1]
close_sim
launch_simulation
open_wave_config /home/vanloi/Documents/Loi_study/DATN/vivado_LSTM/lstm_accelerator/tb_accelerator_real_data_behav.wcfg
source tb_accelerator_real_data.tcl
close_sim
