#-----------------------------------------------------------
# Vivado v2023.1 (64-bit)
# SW Build 3865809 on Sun May  7 15:04:56 MDT 2023
# IP Build 3864474 on Sun May  7 20:36:21 MDT 2023
# SharedData Build 3865790 on Sun May 07 13:33:03 MDT 2023
# Start of session at: Sun Mar 31 13:39:59 2024
# Process ID: 9965
# Current directory: /home/vanloi/Documents/Loi_study/DATN/vivado_LSTM/LSTM_accelerator
# Command line: vivado
# Log file: /home/vanloi/Documents/Loi_study/DATN/vivado_LSTM/LSTM_accelerator/vivado.log
# Journal file: /home/vanloi/Documents/Loi_study/DATN/vivado_LSTM/LSTM_accelerator/vivado.jou
# Running On: vanloi-laptop, OS: Linux, CPU Frequency: 2237.119 MHz, CPU Physical cores: 12, Host memory: 16444 MB
#-----------------------------------------------------------
start_gui
open_project /home/vanloi/Documents/Loi_study/DATN/vivado_LSTM/LSTM_accelerator/LSTM_accelerator.xpr
update_compile_order -fileset sources_1
close [ open /home/vanloi/Documents/Loi_study/DATN/vivado_LSTM/LSTM_accelerator/LSTM_accelerator.srcs/sources_1/new/fully_connected.sv w ]
add_files /home/vanloi/Documents/Loi_study/DATN/vivado_LSTM/LSTM_accelerator/LSTM_accelerator.srcs/sources_1/new/fully_connected.sv
update_compile_order -fileset sources_1
set_property SOURCE_SET sources_1 [get_filesets sim_1]
close [ open /home/vanloi/Documents/Loi_study/DATN/vivado_LSTM/LSTM_accelerator/LSTM_accelerator.srcs/operation_controller/new/tb_fully_connected.sv w ]
add_files -fileset sim_1 /home/vanloi/Documents/Loi_study/DATN/vivado_LSTM/LSTM_accelerator/LSTM_accelerator.srcs/operation_controller/new/tb_fully_connected.sv
current_fileset -simset [ get_filesets sim_1 ]
update_compile_order -fileset sim_1
# Disabling source management mode.  This is to allow the top design properties to be set without GUI intervention.
set_property source_mgmt_mode None [current_project]
set_property top fully_connected [current_fileset]
# Re-enabling previously disabled source management mode.
set_property source_mgmt_mode All [current_project]
update_compile_order -fileset sources_1
# Disabling source management mode.  This is to allow the top design properties to be set without GUI intervention.
set_property source_mgmt_mode None [current_project]
set_property top tb_fully_connected [get_filesets sim_1]
set_property top_lib xil_defaultlib [get_filesets sim_1]
# Re-enabling previously disabled source management mode.
set_property source_mgmt_mode All [current_project]
update_compile_order -fileset sim_1
launch_simulation
source tb_fully_connected.tcl
close_sim
launch_simulation
source tb_fully_connected.tcl
close_sim
launch_simulation
source tb_fully_connected.tcl
close_sim
launch_simulation
source tb_fully_connected.tcl
close_sim
