#-----------------------------------------------------------
# Vivado v2023.1 (64-bit)
# SW Build 3865809 on Sun May  7 15:04:56 MDT 2023
# IP Build 3864474 on Sun May  7 20:36:21 MDT 2023
# SharedData Build 3865790 on Sun May 07 13:33:03 MDT 2023
# Start of session at: Wed Mar 20 19:17:18 2024
# Process ID: 6049
# Current directory: /home/vanloi/Documents/Loi_study/DATN/vivado_LSTM/LSTM_accelerator
# Command line: vivado
# Log file: /home/vanloi/Documents/Loi_study/DATN/vivado_LSTM/LSTM_accelerator/vivado.log
# Journal file: /home/vanloi/Documents/Loi_study/DATN/vivado_LSTM/LSTM_accelerator/vivado.jou
# Running On: vanloi-laptop, OS: Linux, CPU Frequency: 1547.458 MHz, CPU Physical cores: 12, Host memory: 16444 MB
#-----------------------------------------------------------
start_gui
open_project /home/vanloi/Documents/Loi_study/DATN/vivado_LSTM/LSTM_accelerator/LSTM_accelerator.xpr
update_compile_order -fileset sources_1
create_fileset -simset tb_lstm_layer
file mkdir /home/vanloi/Documents/Loi_study/DATN/vivado_LSTM/LSTM_accelerator/LSTM_accelerator.srcs/tb_lstm_layer/new
set_property SOURCE_SET sources_1 [get_filesets tb_lstm_layer]
close [ open /home/vanloi/Documents/Loi_study/DATN/vivado_LSTM/LSTM_accelerator/LSTM_accelerator.srcs/tb_lstm_layer/new/tb_lstm_layer.v w ]
add_files -fileset tb_lstm_layer /home/vanloi/Documents/Loi_study/DATN/vivado_LSTM/LSTM_accelerator/LSTM_accelerator.srcs/tb_lstm_layer/new/tb_lstm_layer.v
current_fileset -simset [ get_filesets tb_lstm_layer ]
update_compile_order -fileset tb_lstm_layer
set_property file_type SystemVerilog [get_files  /home/vanloi/Documents/Loi_study/DATN/vivado_LSTM/LSTM_accelerator/LSTM_accelerator.srcs/tb_lstm_layer/new/tb_lstm_layer.v]
current_fileset -simset [ get_filesets tb_lstm_unit ]
launch_simulation -simset [get_filesets tb_lstm_unit ]
source tb_LSTM_unit.tcl
close_sim
launch_simulation -simset [get_filesets tb_lstm_unit ]
source tb_LSTM_unit.tcl
close_sim
launch_simulation -simset [get_filesets tb_lstm_unit ]
source tb_LSTM_unit.tcl
update_compile_order -fileset tb_lstm_layer
close_sim
