#-----------------------------------------------------------
# Vivado v2023.1 (64-bit)
# SW Build 3865809 on Sun May  7 15:04:56 MDT 2023
# IP Build 3864474 on Sun May  7 20:36:21 MDT 2023
# SharedData Build 3865790 on Sun May 07 13:33:03 MDT 2023
# Start of session at: Fri May 10 12:18:59 2024
# Process ID: 6254
# Current directory: /home/vanloi/Documents/Loi_study/DATN/vivado_LSTM/lstm_accelerator
# Command line: vivado
# Log file: /home/vanloi/Documents/Loi_study/DATN/vivado_LSTM/lstm_accelerator/vivado.log
# Journal file: /home/vanloi/Documents/Loi_study/DATN/vivado_LSTM/lstm_accelerator/vivado.jou
# Running On: vanloi-laptop, OS: Linux, CPU Frequency: 2429.612 MHz, CPU Physical cores: 12, Host memory: 16444 MB
#-----------------------------------------------------------
start_gui
open_project /home/vanloi/Documents/Loi_study/DATN/vivado_LSTM/lstm_accelerator/lstm_accelerator.xpr
update_compile_order -fileset sources_1
launch_simulation
open_wave_config /home/vanloi/Documents/Loi_study/DATN/vivado_LSTM/lstm_accelerator/tb_accelerator_real_data_behav.wcfg
source tb_accelerator_real_data.tcl
current_wave_config {tb_accelerator_real_data_behav.wcfg}
add_wave {{/tb_accelerator_real_data/o_value_gate}} 
close_sim
launch_simulation
open_wave_config /home/vanloi/Documents/Loi_study/DATN/vivado_LSTM/lstm_accelerator/tb_accelerator_real_data_behav.wcfg
source tb_accelerator_real_data.tcl
close_sim
launch_simulation
open_wave_config /home/vanloi/Documents/Loi_study/DATN/vivado_LSTM/lstm_accelerator/tb_accelerator_real_data_behav.wcfg
source tb_accelerator_real_data.tcl
close_sim
launch_simulation
open_wave_config /home/vanloi/Documents/Loi_study/DATN/vivado_LSTM/lstm_accelerator/tb_accelerator_real_data_behav.wcfg
source tb_accelerator_real_data.tcl
add_bp {/home/vanloi/Documents/Loi_study/DATN/vivado_LSTM/lstm_accelerator/lstm_accelerator.srcs/sources_1/new/controller.sv} 189
remove_bps -file {/home/vanloi/Documents/Loi_study/DATN/vivado_LSTM/lstm_accelerator/lstm_accelerator.srcs/sources_1/new/controller.sv} -line 189
set_property -name {xsim.simulate.runtime} -value {30000000ns} -objects [get_filesets sim_1]
close_sim
launch_simulation
open_wave_config /home/vanloi/Documents/Loi_study/DATN/vivado_LSTM/lstm_accelerator/tb_accelerator_real_data_behav.wcfg
source tb_accelerator_real_data.tcl
reset_run synth_1
launch_runs synth_1 -jobs 8
wait_on_run synth_1
close_sim
launch_simulation
open_wave_config /home/vanloi/Documents/Loi_study/DATN/vivado_LSTM/lstm_accelerator/tb_accelerator_real_data_behav.wcfg
source tb_accelerator_real_data.tcl
reset_run synth_1
launch_runs synth_1 -jobs 8
wait_on_run synth_1
launch_runs impl_1 -jobs 8
wait_on_run impl_1
close_sim
launch_simulation
open_wave_config /home/vanloi/Documents/Loi_study/DATN/vivado_LSTM/lstm_accelerator/tb_accelerator_real_data_behav.wcfg
source tb_accelerator_real_data.tcl
reset_run synth_1
launch_runs synth_1 -jobs 8
wait_on_run synth_1
launch_runs impl_1 -jobs 8
wait_on_run impl_1
set_property -name {xsim.simulate.runtime} -value {5000000ns} -objects [get_filesets sim_1]
close_sim
launch_simulation
open_wave_config /home/vanloi/Documents/Loi_study/DATN/vivado_LSTM/lstm_accelerator/tb_accelerator_real_data_behav.wcfg
source tb_accelerator_real_data.tcl
close_sim
launch_simulation
open_wave_config /home/vanloi/Documents/Loi_study/DATN/vivado_LSTM/lstm_accelerator/tb_accelerator_real_data_behav.wcfg
source tb_accelerator_real_data.tcl
save_wave_config {/home/vanloi/Documents/Loi_study/DATN/vivado_LSTM/lstm_accelerator/tb_accelerator_real_data_behav.wcfg}
close_sim
launch_simulation
launch_simulation
open_wave_config /home/vanloi/Documents/Loi_study/DATN/vivado_LSTM/lstm_accelerator/tb_accelerator_real_data_behav.wcfg
source tb_accelerator_real_data.tcl
close_sim
launch_simulation
open_wave_config /home/vanloi/Documents/Loi_study/DATN/vivado_LSTM/lstm_accelerator/tb_accelerator_real_data_behav.wcfg
source tb_accelerator_real_data.tcl
save_wave_config {/home/vanloi/Documents/Loi_study/DATN/vivado_LSTM/lstm_accelerator/tb_accelerator_real_data_behav.wcfg}
close_sim
launch_simulation
open_wave_config /home/vanloi/Documents/Loi_study/DATN/vivado_LSTM/lstm_accelerator/tb_accelerator_real_data_behav.wcfg
source tb_accelerator_real_data.tcl
current_wave_config {}
add_wave {{/tb_accelerator_real_data/o_lstm_inv_input_gate}} 
current_wave_config {}
add_wave {{/tb_accelerator_real_data/o_lstm_inv_forget_gate}} 
current_wave_config {}
add_wave {{/tb_accelerator_real_data/o_lstm_inv_cell_update}} 
current_wave_config {}
add_wave {{/tb_accelerator_real_data/o_lstm_inv_output_gate}} 
current_wave_config {}
add_wave {{/tb_accelerator_real_data/o_lstm_inv_cell_state}} 
current_wave_config {}
add_wave {{/tb_accelerator_real_data/o_lstm_inv_input_gate_bf}} 
current_wave_config {}
add_wave {{/tb_accelerator_real_data/o_lstm_inv_forget_gate_bf}} 
current_wave_config {}
add_wave {{/tb_accelerator_real_data/o_lstm_inv_cell_update_bf}} 
current_wave_config {}
add_wave {{/tb_accelerator_real_data/o_lstm_inv_output_gate_bf}} 
current_wave_config {}
add_wave {{/tb_accelerator_real_data/o_lstm_inv_cell_state_bf}} 
save_wave_config {/home/vanloi/Documents/Loi_study/DATN/vivado_LSTM/lstm_accelerator/tb_accelerator_real_data_behav.wcfg}
close_sim
launch_simulation
open_wave_config /home/vanloi/Documents/Loi_study/DATN/vivado_LSTM/lstm_accelerator/tb_accelerator_real_data_behav.wcfg
source tb_accelerator_real_data.tcl
save_wave_config {/home/vanloi/Documents/Loi_study/DATN/vivado_LSTM/lstm_accelerator/tb_accelerator_real_data_behav.wcfg}
close_sim
launch_simulation
open_wave_config /home/vanloi/Documents/Loi_study/DATN/vivado_LSTM/lstm_accelerator/tb_accelerator_real_data_behav.wcfg
source tb_accelerator_real_data.tcl
save_wave_config {/home/vanloi/Documents/Loi_study/DATN/vivado_LSTM/lstm_accelerator/tb_accelerator_real_data_behav.wcfg}
save_wave_config {/home/vanloi/Documents/Loi_study/DATN/vivado_LSTM/lstm_accelerator/tb_accelerator_real_data_behav.wcfg}
close_sim
launch_simulation
open_wave_config /home/vanloi/Documents/Loi_study/DATN/vivado_LSTM/lstm_accelerator/tb_accelerator_real_data_behav.wcfg
source tb_accelerator_real_data.tcl
current_wave_config {tb_accelerator_real_data_behav.wcfg}
add_wave {{/tb_accelerator_real_data/o_lstm_inv_cell_state_bf}} 
current_wave_config {tb_accelerator_real_data_behav.wcfg}
add_wave {{/tb_accelerator_real_data/o_lstm_inv_output_gate_bf}} 
save_wave_config {/home/vanloi/Documents/Loi_study/DATN/vivado_LSTM/lstm_accelerator/tb_accelerator_real_data_behav.wcfg}
close_sim
launch_simulation
open_wave_config /home/vanloi/Documents/Loi_study/DATN/vivado_LSTM/lstm_accelerator/tb_accelerator_real_data_behav.wcfg
source tb_accelerator_real_data.tcl
close_sim
launch_simulation
open_wave_config /home/vanloi/Documents/Loi_study/DATN/vivado_LSTM/lstm_accelerator/tb_accelerator_real_data_behav.wcfg
source tb_accelerator_real_data.tcl
save_wave_config {/home/vanloi/Documents/Loi_study/DATN/vivado_LSTM/lstm_accelerator/tb_accelerator_real_data_behav.wcfg}
close_sim
launch_simulation
open_wave_config /home/vanloi/Documents/Loi_study/DATN/vivado_LSTM/lstm_accelerator/tb_accelerator_real_data_behav.wcfg
source tb_accelerator_real_data.tcl
close_sim
launch_simulation
open_wave_config /home/vanloi/Documents/Loi_study/DATN/vivado_LSTM/lstm_accelerator/tb_accelerator_real_data_behav.wcfg
source tb_accelerator_real_data.tcl
current_wave_config {tb_accelerator_real_data_behav.wcfg}
add_wave {{/tb_accelerator_real_data/o_lstm_update_cell_state_bf}} 
current_wave_config {tb_accelerator_real_data_behav.wcfg}
add_wave {{/tb_accelerator_real_data/o_lstm_i_cell_update_bf}} 
save_wave_config {/home/vanloi/Documents/Loi_study/DATN/vivado_LSTM/lstm_accelerator/tb_accelerator_real_data_behav.wcfg}
close_sim
launch_simulation
open_wave_config /home/vanloi/Documents/Loi_study/DATN/vivado_LSTM/lstm_accelerator/tb_accelerator_real_data_behav.wcfg
source tb_accelerator_real_data.tcl
current_wave_config {tb_accelerator_real_data_behav.wcfg}
add_wave {{/tb_accelerator_real_data/o_lstm_f_prev_cell_bf}} 
save_wave_config {/home/vanloi/Documents/Loi_study/DATN/vivado_LSTM/lstm_accelerator/tb_accelerator_real_data_behav.wcfg}
close_sim
launch_simulation
open_wave_config /home/vanloi/Documents/Loi_study/DATN/vivado_LSTM/lstm_accelerator/tb_accelerator_real_data_behav.wcfg
source tb_accelerator_real_data.tcl
save_wave_config {/home/vanloi/Documents/Loi_study/DATN/vivado_LSTM/lstm_accelerator/tb_accelerator_real_data_behav.wcfg}
close_sim
launch_simulation
open_wave_config /home/vanloi/Documents/Loi_study/DATN/vivado_LSTM/lstm_accelerator/tb_accelerator_real_data_behav.wcfg
source tb_accelerator_real_data.tcl
save_wave_config {/home/vanloi/Documents/Loi_study/DATN/vivado_LSTM/lstm_accelerator/tb_accelerator_real_data_behav.wcfg}
save_wave_config {/home/vanloi/Documents/Loi_study/DATN/vivado_LSTM/lstm_accelerator/tb_accelerator_real_data_behav.wcfg}
save_wave_config {/home/vanloi/Documents/Loi_study/DATN/vivado_LSTM/lstm_accelerator/tb_accelerator_real_data_behav.wcfg}
close_sim
launch_simulation
open_wave_config /home/vanloi/Documents/Loi_study/DATN/vivado_LSTM/lstm_accelerator/tb_accelerator_real_data_behav.wcfg
source tb_accelerator_real_data.tcl
close_sim
launch_simulation
open_wave_config /home/vanloi/Documents/Loi_study/DATN/vivado_LSTM/lstm_accelerator/tb_accelerator_real_data_behav.wcfg
source tb_accelerator_real_data.tcl
close_sim
launch_simulation
open_wave_config /home/vanloi/Documents/Loi_study/DATN/vivado_LSTM/lstm_accelerator/tb_accelerator_real_data_behav.wcfg
source tb_accelerator_real_data.tcl
close_sim
launch_simulation
open_wave_config /home/vanloi/Documents/Loi_study/DATN/vivado_LSTM/lstm_accelerator/tb_accelerator_real_data_behav.wcfg
source tb_accelerator_real_data.tcl
close_sim
launch_simulation
open_wave_config /home/vanloi/Documents/Loi_study/DATN/vivado_LSTM/lstm_accelerator/tb_accelerator_real_data_behav.wcfg
source tb_accelerator_real_data.tcl
close_sim
launch_simulation
open_wave_config /home/vanloi/Documents/Loi_study/DATN/vivado_LSTM/lstm_accelerator/tb_accelerator_real_data_behav.wcfg
source tb_accelerator_real_data.tcl
current_wave_config {tb_accelerator_real_data_behav.wcfg}
add_wave {{/tb_accelerator_real_data/o_lstm_inv_tanh_cell_bf}} 
current_wave_config {tb_accelerator_real_data_behav.wcfg}
add_wave {{/tb_accelerator_real_data/o_lstm_tanh_cell_bf}} 
save_wave_config {/home/vanloi/Documents/Loi_study/DATN/vivado_LSTM/lstm_accelerator/tb_accelerator_real_data_behav.wcfg}
close_sim
launch_simulation
open_wave_config /home/vanloi/Documents/Loi_study/DATN/vivado_LSTM/lstm_accelerator/tb_accelerator_real_data_behav.wcfg
source tb_accelerator_real_data.tcl
save_wave_config {/home/vanloi/Documents/Loi_study/DATN/vivado_LSTM/lstm_accelerator/tb_accelerator_real_data_behav.wcfg}
close_sim
launch_simulation
open_wave_config /home/vanloi/Documents/Loi_study/DATN/vivado_LSTM/lstm_accelerator/tb_accelerator_real_data_behav.wcfg
source tb_accelerator_real_data.tcl
close_sim
launch_simulation
open_wave_config /home/vanloi/Documents/Loi_study/DATN/vivado_LSTM/lstm_accelerator/tb_accelerator_real_data_behav.wcfg
source tb_accelerator_real_data.tcl
close_sim
launch_simulation
open_wave_config /home/vanloi/Documents/Loi_study/DATN/vivado_LSTM/lstm_accelerator/tb_accelerator_real_data_behav.wcfg
source tb_accelerator_real_data.tcl
save_wave_config {/home/vanloi/Documents/Loi_study/DATN/vivado_LSTM/lstm_accelerator/tb_accelerator_real_data_behav.wcfg}
close_sim
launch_simulation
open_wave_config /home/vanloi/Documents/Loi_study/DATN/vivado_LSTM/lstm_accelerator/tb_accelerator_real_data_behav.wcfg
source tb_accelerator_real_data.tcl
current_wave_config {tb_accelerator_real_data_behav.wcfg}
add_wave {{/tb_accelerator_real_data/o_tanh_appr_temp}} 
save_wave_config {/home/vanloi/Documents/Loi_study/DATN/vivado_LSTM/lstm_accelerator/tb_accelerator_real_data_behav.wcfg}
close_sim
launch_simulation
open_wave_config /home/vanloi/Documents/Loi_study/DATN/vivado_LSTM/lstm_accelerator/tb_accelerator_real_data_behav.wcfg
source tb_accelerator_real_data.tcl
close_sim
launch_simulation
open_wave_config /home/vanloi/Documents/Loi_study/DATN/vivado_LSTM/lstm_accelerator/tb_accelerator_real_data_behav.wcfg
source tb_accelerator_real_data.tcl
save_wave_config {/home/vanloi/Documents/Loi_study/DATN/vivado_LSTM/lstm_accelerator/tb_accelerator_real_data_behav.wcfg}
close_sim
launch_simulation
open_wave_config /home/vanloi/Documents/Loi_study/DATN/vivado_LSTM/lstm_accelerator/tb_accelerator_real_data_behav.wcfg
source tb_accelerator_real_data.tcl
save_wave_config {/home/vanloi/Documents/Loi_study/DATN/vivado_LSTM/lstm_accelerator/tb_accelerator_real_data_behav.wcfg}
close_sim
launch_simulation
open_wave_config /home/vanloi/Documents/Loi_study/DATN/vivado_LSTM/lstm_accelerator/tb_accelerator_real_data_behav.wcfg
source tb_accelerator_real_data.tcl
close_sim
launch_simulation
open_wave_config /home/vanloi/Documents/Loi_study/DATN/vivado_LSTM/lstm_accelerator/tb_accelerator_real_data_behav.wcfg
source tb_accelerator_real_data.tcl
set_property -name {xsim.simulate.runtime} -value {30000000ns} -objects [get_filesets sim_1]
close_sim
launch_simulation
open_wave_config /home/vanloi/Documents/Loi_study/DATN/vivado_LSTM/lstm_accelerator/tb_accelerator_real_data_behav.wcfg
source tb_accelerator_real_data.tcl
reset_run synth_1
launch_runs synth_1 -jobs 8
wait_on_run synth_1
launch_runs impl_1 -jobs 8
wait_on_run impl_1
reset_run impl_1 -prev_step 
close_sim
launch_simulation
open_wave_config /home/vanloi/Documents/Loi_study/DATN/vivado_LSTM/lstm_accelerator/tb_accelerator_real_data_behav.wcfg
source tb_accelerator_real_data.tcl
reset_run synth_1
launch_runs synth_1 -jobs 8
wait_on_run synth_1
launch_runs impl_1 -jobs 8
wait_on_run impl_1
reset_run synth_1
launch_runs synth_1 -jobs 8
wait_on_run synth_1
launch_runs impl_1 -jobs 8
wait_on_run impl_1
