#-----------------------------------------------------------
# Vivado v2023.1 (64-bit)
# SW Build 3865809 on Sun May  7 15:04:56 MDT 2023
# IP Build 3864474 on Sun May  7 20:36:21 MDT 2023
# SharedData Build 3865790 on Sun May 07 13:33:03 MDT 2023
# Start of session at: Mon Mar 18 08:46:34 2024
# Process ID: 6499
# Current directory: /home/vanloi/Documents/Loi_study/DATN/vivado_LSTM/LSTM_accelerator
# Command line: vivado
# Log file: /home/vanloi/Documents/Loi_study/DATN/vivado_LSTM/LSTM_accelerator/vivado.log
# Journal file: /home/vanloi/Documents/Loi_study/DATN/vivado_LSTM/LSTM_accelerator/vivado.jou
# Running On: vanloi-laptop, OS: Linux, CPU Frequency: 2358.087 MHz, CPU Physical cores: 12, Host memory: 16444 MB
#-----------------------------------------------------------
start_gui
open_project /home/vanloi/Documents/Loi_study/DATN/vivado_LSTM/LSTM_accelerator/LSTM_accelerator.xpr
update_compile_order -fileset sources_1
launch_simulation -simset [get_filesets tb_lstm_unit ]
source tb_LSTM_unit.tcl
close_sim
launch_simulation -simset [get_filesets tb_lstm_unit ]
source tb_LSTM_unit.tcl
close_sim
launch_simulation -simset [get_filesets tb_lstm_unit ]
source tb_LSTM_unit.tcl
close_sim
launch_simulation -simset [get_filesets tb_lstm_unit ]
source tb_LSTM_unit.tcl
close_sim
launch_simulation -simset [get_filesets tb_lstm_unit ]
source tb_LSTM_unit.tcl
close_sim
launch_simulation -simset [get_filesets tb_lstm_unit ]
source tb_LSTM_unit.tcl
current_wave_config {Untitled 6}
add_wave {{/tb_LSTM_unit/dut/wi}} 
report_drivers {/tb_LSTM_unit/dut/wi/clk}
current_wave_config {Untitled 6}
log_wave {/tb_LSTM_unit/dut/wi/clk} 
close_sim
launch_simulation -simset [get_filesets tb_lstm_unit ]
launch_simulation -simset [get_filesets tb_lstm_unit ]
source tb_LSTM_unit.tcl
close_sim
launch_simulation -simset [get_filesets tb_lstm_unit ]
source tb_LSTM_unit.tcl
close_sim
launch_simulation -simset [get_filesets tb_lstm_unit ]
source tb_LSTM_unit.tcl
close_sim
launch_simulation -simset [get_filesets tb_lstm_unit ]
source tb_LSTM_unit.tcl
close_sim
launch_simulation -simset [get_filesets tb_lstm_unit ]
source tb_LSTM_unit.tcl
close_sim
launch_simulation -simset [get_filesets tb_lstm_unit ]
source tb_LSTM_unit.tcl
close_sim
