#-----------------------------------------------------------
# Vivado v2023.1 (64-bit)
# SW Build 3865809 on Sun May  7 15:04:56 MDT 2023
# IP Build 3864474 on Sun May  7 20:36:21 MDT 2023
# SharedData Build 3865790 on Sun May 07 13:33:03 MDT 2023
# Start of session at: Tue Apr  9 21:14:09 2024
# Process ID: 16933
# Current directory: /home/vanloi/Documents/Loi_study/DATN/vivado_LSTM/lstm_accelerator/lstm_accelerator.runs/synth_1
# Command line: vivado -log controller.vds -product Vivado -mode batch -messageDb vivado.pb -notrace -source controller.tcl
# Log file: /home/vanloi/Documents/Loi_study/DATN/vivado_LSTM/lstm_accelerator/lstm_accelerator.runs/synth_1/controller.vds
# Journal file: /home/vanloi/Documents/Loi_study/DATN/vivado_LSTM/lstm_accelerator/lstm_accelerator.runs/synth_1/vivado.jou
# Running On: vanloi-laptop, OS: Linux, CPU Frequency: 1728.845 MHz, CPU Physical cores: 12, Host memory: 16444 MB
#-----------------------------------------------------------
source controller.tcl -notrace
