#-----------------------------------------------------------
# Vivado v2023.1 (64-bit)
# SW Build 3865809 on Sun May  7 15:04:56 MDT 2023
# IP Build 3864474 on Sun May  7 20:36:21 MDT 2023
# SharedData Build 3865790 on Sun May 07 13:33:03 MDT 2023
# Start of session at: Wed Mar 20 10:25:29 2024
# Process ID: 10786
# Current directory: /home/vanloi/Documents/Loi_study/DATN/vivado_LSTM/LSTM_accelerator/LSTM_accelerator.runs/synth_1
# Command line: vivado -log LSTM_Unit.vds -product Vivado -mode batch -messageDb vivado.pb -notrace -source LSTM_Unit.tcl
# Log file: /home/vanloi/Documents/Loi_study/DATN/vivado_LSTM/LSTM_accelerator/LSTM_accelerator.runs/synth_1/LSTM_Unit.vds
# Journal file: /home/vanloi/Documents/Loi_study/DATN/vivado_LSTM/LSTM_accelerator/LSTM_accelerator.runs/synth_1/vivado.jou
# Running On: vanloi-laptop, OS: Linux, CPU Frequency: 3166.544 MHz, CPU Physical cores: 12, Host memory: 16444 MB
#-----------------------------------------------------------
source LSTM_Unit.tcl -notrace
